Archive member included to satisfy reference by file (symbol)

C:/ST/STM32CubeIDE_2.1.0/STM32CubeIDE/plugins/com.st.stm32cube.ide.mcu.externaltools.gnu-tools-for-stm32.14.3.rel1.win32_1.0.100.202602081740/tools/bin/../lib/gcc/arm-none-eabi/14.3.1/../../../../arm-none-eabi/lib/thumb/v7e-m+fp/hard\libc_nano.a(libc_a-exit.o)
                              C:/ST/STM32CubeIDE_2.1.0/STM32CubeIDE/plugins/com.st.stm32cube.ide.mcu.externaltools.gnu-tools-for-stm32.14.3.rel1.win32_1.0.100.202602081740/tools/bin/../lib/gcc/arm-none-eabi/14.3.1/../../../../arm-none-eabi/lib/thumb/v7e-m+fp/hard/crt0.o (exit)
C:/ST/STM32CubeIDE_2.1.0/STM32CubeIDE/plugins/com.st.stm32cube.ide.mcu.externaltools.gnu-tools-for-stm32.14.3.rel1.win32_1.0.100.202602081740/tools/bin/../lib/gcc/arm-none-eabi/14.3.1/../../../../arm-none-eabi/lib/thumb/v7e-m+fp/hard\libc_nano.a(libc_a-findfp.o)
                              C:/ST/STM32CubeIDE_2.1.0/STM32CubeIDE/plugins/com.st.stm32cube.ide.mcu.externaltools.gnu-tools-for-stm32.14.3.rel1.win32_1.0.100.202602081740/tools/bin/../lib/gcc/arm-none-eabi/14.3.1/../../../../arm-none-eabi/lib/thumb/v7e-m+fp/hard\libc_nano.a(libc_a-exit.o) (__stdio_exit_handler)
C:/ST/STM32CubeIDE_2.1.0/STM32CubeIDE/plugins/com.st.stm32cube.ide.mcu.externaltools.gnu-tools-for-stm32.14.3.rel1.win32_1.0.100.202602081740/tools/bin/../lib/gcc/arm-none-eabi/14.3.1/../../../../arm-none-eabi/lib/thumb/v7e-m+fp/hard\libc_nano.a(libc_a-fwalk.o)
                              C:/ST/STM32CubeIDE_2.1.0/STM32CubeIDE/plugins/com.st.stm32cube.ide.mcu.externaltools.gnu-tools-for-stm32.14.3.rel1.win32_1.0.100.202602081740/tools/bin/../lib/gcc/arm-none-eabi/14.3.1/../../../../arm-none-eabi/lib/thumb/v7e-m+fp/hard\libc_nano.a(libc_a-findfp.o) (_fwalk_sglue)
C:/ST/STM32CubeIDE_2.1.0/STM32CubeIDE/plugins/com.st.stm32cube.ide.mcu.externaltools.gnu-tools-for-stm32.14.3.rel1.win32_1.0.100.202602081740/tools/bin/../lib/gcc/arm-none-eabi/14.3.1/../../../../arm-none-eabi/lib/thumb/v7e-m+fp/hard\libc_nano.a(libc_a-stdio.o)
                              C:/ST/STM32CubeIDE_2.1.0/STM32CubeIDE/plugins/com.st.stm32cube.ide.mcu.externaltools.gnu-tools-for-stm32.14.3.rel1.win32_1.0.100.202602081740/tools/bin/../lib/gcc/arm-none-eabi/14.3.1/../../../../arm-none-eabi/lib/thumb/v7e-m+fp/hard\libc_nano.a(libc_a-findfp.o) (__sread)
C:/ST/STM32CubeIDE_2.1.0/STM32CubeIDE/plugins/com.st.stm32cube.ide.mcu.externaltools.gnu-tools-for-stm32.14.3.rel1.win32_1.0.100.202602081740/tools/bin/../lib/gcc/arm-none-eabi/14.3.1/../../../../arm-none-eabi/lib/thumb/v7e-m+fp/hard\libc_nano.a(libc_a-memset.o)
                              C:/ST/STM32CubeIDE_2.1.0/STM32CubeIDE/plugins/com.st.stm32cube.ide.mcu.externaltools.gnu-tools-for-stm32.14.3.rel1.win32_1.0.100.202602081740/tools/bin/../lib/gcc/arm-none-eabi/14.3.1/../../../../arm-none-eabi/lib/thumb/v7e-m+fp/hard/crt0.o (memset)
C:/ST/STM32CubeIDE_2.1.0/STM32CubeIDE/plugins/com.st.stm32cube.ide.mcu.externaltools.gnu-tools-for-stm32.14.3.rel1.win32_1.0.100.202602081740/tools/bin/../lib/gcc/arm-none-eabi/14.3.1/../../../../arm-none-eabi/lib/thumb/v7e-m+fp/hard\libc_nano.a(libc_a-closer.o)
                              C:/ST/STM32CubeIDE_2.1.0/STM32CubeIDE/plugins/com.st.stm32cube.ide.mcu.externaltools.gnu-tools-for-stm32.14.3.rel1.win32_1.0.100.202602081740/tools/bin/../lib/gcc/arm-none-eabi/14.3.1/../../../../arm-none-eabi/lib/thumb/v7e-m+fp/hard\libc_nano.a(libc_a-stdio.o) (_close_r)
C:/ST/STM32CubeIDE_2.1.0/STM32CubeIDE/plugins/com.st.stm32cube.ide.mcu.externaltools.gnu-tools-for-stm32.14.3.rel1.win32_1.0.100.202602081740/tools/bin/../lib/gcc/arm-none-eabi/14.3.1/../../../../arm-none-eabi/lib/thumb/v7e-m+fp/hard\libc_nano.a(libc_a-reent.o)
                              C:/ST/STM32CubeIDE_2.1.0/STM32CubeIDE/plugins/com.st.stm32cube.ide.mcu.externaltools.gnu-tools-for-stm32.14.3.rel1.win32_1.0.100.202602081740/tools/bin/../lib/gcc/arm-none-eabi/14.3.1/../../../../arm-none-eabi/lib/thumb/v7e-m+fp/hard\libc_nano.a(libc_a-closer.o) (errno)
C:/ST/STM32CubeIDE_2.1.0/STM32CubeIDE/plugins/com.st.stm32cube.ide.mcu.externaltools.gnu-tools-for-stm32.14.3.rel1.win32_1.0.100.202602081740/tools/bin/../lib/gcc/arm-none-eabi/14.3.1/../../../../arm-none-eabi/lib/thumb/v7e-m+fp/hard\libc_nano.a(libc_a-impure.o)
                              C:/ST/STM32CubeIDE_2.1.0/STM32CubeIDE/plugins/com.st.stm32cube.ide.mcu.externaltools.gnu-tools-for-stm32.14.3.rel1.win32_1.0.100.202602081740/tools/bin/../lib/gcc/arm-none-eabi/14.3.1/../../../../arm-none-eabi/lib/thumb/v7e-m+fp/hard\libc_nano.a(libc_a-reent.o) (_impure_ptr)
C:/ST/STM32CubeIDE_2.1.0/STM32CubeIDE/plugins/com.st.stm32cube.ide.mcu.externaltools.gnu-tools-for-stm32.14.3.rel1.win32_1.0.100.202602081740/tools/bin/../lib/gcc/arm-none-eabi/14.3.1/../../../../arm-none-eabi/lib/thumb/v7e-m+fp/hard\libc_nano.a(libc_a-lseekr.o)
[...]
Memory Configuration

Name             Origin             Length             Attributes
RAM              0x20000000         0x00020000         xrw
FLASH            0x08000000         0x00080000         xr
*default*        0x00000000         0xffffffff

Linker script and memory map

LOAD C:/ST/STM32CubeIDE_2.1.0/STM32CubeIDE/plugins/com.st.stm32cube.ide.mcu.externaltools.gnu-tools-for-stm32.14.3.rel1.win32_1.0.100.202602081740/tools/bin/../lib/gcc/arm-none-eabi/14.3.1/thumb/v7e-m+fp/hard/crti.o
LOAD C:/ST/STM32CubeIDE_2.1.0/STM32CubeIDE/plugins/com.st.stm32cube.ide.mcu.externaltools.gnu-tools-for-stm32.14.3.rel1.win32_1.0.100.202602081740/tools/bin/../lib/gcc/arm-none-eabi/14.3.1/thumb/v7e-m+fp/hard/crtbegin.o
LOAD C:/ST/STM32CubeIDE_2.1.0/STM32CubeIDE/plugins/com.st.stm32cube.ide.mcu.externaltools.gnu-tools-for-stm32.14.3.rel1.win32_1.0.100.202602081740/tools/bin/../lib/gcc/arm-none-eabi/14.3.1/../../../../arm-none-eabi/lib/thumb/v7e-m+fp/hard/crt0.o
LOAD ./Core/Src/adc.o
LOAD ./Core/Src/dma.o
LOAD ./Core/Src/gpio.o
LOAD ./Core/Src/main.o
LOAD ./Core/Src/motor.o
LOAD ./Core/Src/stm32g4xx_hal_msp.o
LOAD ./Core/Src/stm32g4xx_it.o
LOAD ./Core/Src/syscalls.o
LOAD ./Core/Src/sysmem.o
LOAD ./Core/Src/system_stm32g4xx.o
LOAD ./Core/Src/tim.o
LOAD ./Core/Startup/startup_stm32g474retx.o
LOAD ./Drivers/BSP/STM32G4xx_Nucleo/stm32g4xx_nucleo.o
LOAD ./Drivers/STM32G4xx_HAL_Driver/Src/stm32g4xx_hal.o
LOAD ./Drivers/STM32G4xx_HAL_Driver/Src/stm32g4xx_hal_adc.o
LOAD ./Drivers/STM32G4xx_HAL_Driver/Src/stm32g4xx_hal_adc_ex.o
LOAD ./Drivers/STM32G4xx_HAL_Driver/Src/stm32g4xx_hal_cortex.o
LOAD ./Drivers/STM32G4xx_HAL_Driver/Src/stm32g4xx_hal_dma.o
LOAD ./Drivers/STM32G4xx_HAL_Driver/Src/stm32g4xx_hal_dma_ex.o
LOAD ./Drivers/STM32G4xx_HAL_Driver/Src/stm32g4xx_hal_exti.o
LOAD ./Drivers/STM32G4xx_HAL_Driver/Src/stm32g4xx_hal_flash.o
LOAD ./Drivers/STM32G4xx_HAL_Driver/Src/stm32g4xx_hal_flash_ex.o
LOAD ./Drivers/STM32G4xx_HAL_Driver/Src/stm32g4xx_hal_flash_ramfunc.o
LOAD ./Drivers/STM32G4xx_HAL_Driver/Src/stm32g4xx_hal_gpio.o
LOAD ./Drivers/STM32G4xx_HAL_Driver/Src/stm32g4xx_hal_pwr.o
LOAD ./Drivers/STM32G4xx_HAL_Driver/Src/stm32g4xx_hal_pwr_ex.o
LOAD ./Drivers/STM32G4xx_HAL_Driver/Src/stm32g4xx_hal_rcc.o
LOAD ./Drivers/STM32G4xx_HAL_Driver/Src/stm32g4xx_hal_rcc_ex.o
LOAD ./Drivers/STM32G4xx_HAL_Driver/Src/stm32g4xx_hal_tim.o
LOAD ./Drivers/STM32G4xx_HAL_Driver/Src/stm32g4xx_hal_tim_ex.o
LOAD ./Drivers/STM32G4xx_HAL_Driver/Src/stm32g4xx_hal_uart.o
LOAD ./Drivers/STM32G4xx_HAL_Driver/Src/stm32g4xx_hal_uart_ex.o
LOAD ./Drivers/STM32G4xx_HAL_Driver/Src/stm32g4xx_hal_usart.o
LOAD ./Drivers/STM32G4xx_HAL_Driver/Src/stm32g4xx_hal_usart_ex.o
LOAD ./Drivers/STM32G4xx_HAL_Driver/Src/stm32g4xx_ll_adc.o
START GROUP
LOAD C:/ST/STM32CubeIDE_2.1.0/STM32CubeIDE/plugins/com.st.stm32cube.ide.mcu.externaltools.gnu-tools-for-stm32.14.3.rel1.win32_1.0.100.202602081740/tools/bin/../lib/gcc/arm-none-eabi/14.3.1/../../../../arm-none-eabi/lib/thumb/v7e-m+fp/hard\libc_nano.a
LOAD C:/ST/STM32CubeIDE_2.1.0/STM32CubeIDE/plugins/com.st.stm32cube.ide.mcu.externaltools.gnu-tools-for-stm32.14.3.rel1.win32_1.0.100.202602081740/tools/bin/../lib/gcc/arm-none-eabi/14.3.1/../../../../arm-none-eabi/lib/thumb/v7e-m+fp/hard\libm.a
END GROUP
START GROUP
LOAD C:/ST/STM32CubeIDE_2.1.0/STM32CubeIDE/plugins/com.st.stm32cube.ide.mcu.externaltools.gnu-tools-for-stm32.14.3.rel1.win32_1.0.100.202602081740/tools/bin/../lib/gcc/arm-none-eabi/14.3.1/thumb/v7e-m+fp/hard\libgcc.a
LOAD C:/ST/STM32CubeIDE_2.1.0/STM32CubeIDE/plugins/com.st.stm32cube.ide.mcu.externaltools.gnu-tools-for-stm32.14.3.rel1.win32_1.0.100.202602081740/tools/bin/../lib/gcc/arm-none-eabi/14.3.1/../../../../arm-none-eabi/lib/thumb/v7e-m+fp/hard\libc_nano.a
END GROUP
START GROUP
LOAD C:/ST/STM32CubeIDE_2.1.0/STM32CubeIDE/plugins/com.st.stm32cube.ide.mcu.externaltools.gnu-tools-for-stm32.14.3.rel1.win32_1.0.100.202602081740/tools/bin/../lib/gcc/arm-none-eabi/14.3.1/thumb/v7e-m+fp/hard\libgcc.a
LOAD C:/ST/STM32CubeIDE_2.1.0/STM32CubeIDE/plugins/com.st.stm32cube.ide.mcu.externaltools.gnu-tools-for-stm32.14.3.rel1.win32_1.0.100.202602081740/tools/bin/../lib/gcc/arm-none-eabi/14.3.1/../../../../arm-none-eabi/lib/thumb/v7e-m+fp/hard\libc_nano.a
LOAD C:/ST/STM32CubeIDE_2.1.0/STM32CubeIDE/plugins/com.st.stm32cube.ide.mcu.externaltools.gnu-tools-for-stm32.14.3.rel1.win32_1.0.100.202602081740/tools/bin/../lib/gcc/arm-none-eabi/14.3.1/../../../../arm-none-eabi/lib/thumb/v7e-m+fp/hard\libnosys.a
END GROUP
START GROUP
LOAD C:/ST/STM32CubeIDE_2.1.0/STM32CubeIDE/plugins/com.st.stm32cube.ide.mcu.externaltools.gnu-tools-for-stm32.14.3.rel1.win32_1.0.100.202602081740/tools/bin/../lib/gcc/arm-none-eabi/14.3.1/thumb/v7e-m+fp/hard\libgcc.a
LOAD C:/ST/STM32CubeIDE_2.1.0/STM32CubeIDE/plugins/com.st.stm32cube.ide.mcu.externaltools.gnu-tools-for-stm32.14.3.rel1.win32_1.0.100.202602081740/tools/bin/../lib/gcc/arm-none-eabi/14.3.1/../../../../arm-none-eabi/lib/thumb/v7e-m+fp/hard\libc_nano.a
LOAD C:/ST/STM32CubeIDE_2.1.0/STM32CubeIDE/plugins/com.st.stm32cube.ide.mcu.externaltools.gnu-tools-for-stm32.14.3.rel1.win32_1.0.100.202602081740/tools/bin/../lib/gcc/arm-none-eabi/14.3.1/../../../../arm-none-eabi/lib/thumb/v7e-m+fp/hard\libnosys.a
END GROUP
LOAD C:/ST/STM32CubeIDE_2.1.0/STM32CubeIDE/plugins/com.st.stm32cube.ide.mcu.externaltools.gnu-tools-for-stm32.14.3.rel1.win32_1.0.100.202602081740/tools/bin/../lib/gcc/arm-none-eabi/14.3.1/thumb/v7e-m+fp/hard/crtend.o
LOAD C:/ST/STM32CubeIDE_2.1.0/STM32CubeIDE/plugins/com.st.stm32cube.ide.mcu.externaltools.gnu-tools-for-stm32.14.3.rel1.win32_1.0.100.202602081740/tools/bin/../lib/gcc/arm-none-eabi/14.3.1/thumb/v7e-m+fp/hard/crtn.o
                0x20020000                        _estack = (ORIGIN (RAM) + LENGTH (RAM))
                0x00000200                        _Min_Heap_Size = 0x200
                0x00000400                        _Min_Stack_Size = 0x400

.isr_vector     0x08000000      0x1d8
                0x08000000                        . = ALIGN (0x4)
 *(.isr_vector)
 .isr_vector    0x08000000      0x1d8 ./Core/Startup/startup_stm32g474retx.o
                0x08000000                g_pfnVectors
                0x080001d8                        . = ALIGN (0x4)

.text           0x080001d8     0x5fdc
                0x080001d8                        . = ALIGN (0x4)
 *(.text)
 .text          0x080001d8       0x40 C:/ST/STM32CubeIDE_2.1.0/STM32CubeIDE/plugins/com.st.stm32cube.ide.mcu.externaltools.gnu-tools-for-stm32.14.3.rel1.win32_1.0.100.202602081740/tools/bin/../lib/gcc/arm-none-eabi/14.3.1/thumb/v7e-m+fp/hard/crtbegin.o
 *(.text*)
 .text.MX_ADC1_Init
                0x08000218       0xf0 ./Core/Src/adc.o
                0x08000218                MX_ADC1_Init
 .text.HAL_ADC_MspInit
                0x08000308      0x114 ./Core/Src/adc.o
                0x08000308                HAL_ADC_MspInit
 .text.MX_DMA_Init
                0x0800041c       0x54 ./Core/Src/dma.o
                0x0800041c                MX_DMA_Init
 .text.MX_GPIO_Init
                0x08000470       0xd0 ./Core/Src/gpio.o
                0x08000470                MX_GPIO_Init
 .text.main     0x08000540       0x94 ./Core/Src/main.o
                0x08000540                main
 .text.SystemClock_Config
                0x080005d4       0x92 ./Core/Src/main.o
                0x080005d4                SystemClock_Config
 .text.Error_Handler
                0x08000666        0xc ./Core/Src/main.o
                0x08000666                Error_Handler
 .text.Motor_Init
                0x08000672       0x66 ./Core/Src/motor.o
                0x08000672                Motor_Init
 .text.Motor_SetPWM
                0x080006d8      0x114 ./Core/Src/motor.o
                0x080006d8                Motor_SetPWM
 .text.Motor_Stop
                0x080007ec       0x8a ./Core/Src/motor.o
                0x080007ec                Motor_Stop
 *fill*         0x08000876        0x2 
 .text.HAL_MspInit
                0x08000878       0x48 ./Core/Src/stm32g4xx_hal_msp.o
                0x08000878                HAL_MspInit
 .text.NMI_Handler
                0x080008c0        0x8 ./Core/Src/stm32g4xx_it.o
                0x080008c0                NMI_Handler
 .text.HardFault_Handler
                0x080008c8        0x8 ./Core/Src/stm32g4xx_it.o
                0x080008c8                HardFault_Handler
 .text.MemManage_Handler
                0x080008d0        0x8 ./Core/Src/stm32g4xx_it.o
                0x080008d0                MemManage_Handler
 .text.BusFault_Handler
                0x080008d8        0x8 ./Core/Src/stm32g4xx_it.o
                0x080008d8                BusFault_Handler
 .text.UsageFault_Handler
                0x080008e0        0x8 ./Core/Src/stm32g4xx_it.o
                0x080008e0                UsageFault_Handler
 .text.SVC_Handler
                0x080008e8        0xe ./Core/Src/stm32g4xx_it.o
                0x080008e8                SVC_Handler
 .text.DebugMon_Handler
                0x080008f6        0xe ./Core/Src/stm32g4xx_it.o
                0x080008f6                DebugMon_Handler
 .text.PendSV_Handler
                0x08000904        0xe ./Core/Src/stm32g4xx_it.o
                0x08000904                PendSV_Handler
 .text.SysTick_Handler
                0x08000912        0xc ./Core/Src/stm32g4xx_it.o
                0x08000912                SysTick_Handler
 *fill*         0x0800091e        0x2 
 .text.DMA1_Channel1_IRQHandler
                0x08000920       0x14 ./Core/Src/stm32g4xx_it.o
                0x08000920                DMA1_Channel1_IRQHandler
 .text.ADC1_2_IRQHandler
                0x08000934       0x14 ./Core/Src/stm32g4xx_it.o
                0x08000934                ADC1_2_IRQHandler
 .text.TIM6_DAC_IRQHandler
                0x08000948       0x14 ./Core/Src/stm32g4xx_it.o
                0x08000948                TIM6_DAC_IRQHandler
 .text.SystemInit
                0x0800095c       0x24 ./Core/Src/system_stm32g4xx.o
                0x0800095c                SystemInit
 .text.MX_TIM3_Init
                0x08000980       0xac ./Core/Src/tim.o
                0x08000980                MX_TIM3_Init
 .text.MX_TIM6_Init
                0x08000a2c       0x6c ./Core/Src/tim.o
                0x08000a2c                MX_TIM6_Init
 .text.MX_TIM8_Init
                0x08000a98      0x164 ./Core/Src/tim.o
                0x08000a98                MX_TIM8_Init
 .text.HAL_TIM_Encoder_MspInit
                0x08000bfc       0x84 ./Core/Src/tim.o
                0x08000bfc                HAL_TIM_Encoder_MspInit
 .text.HAL_TIM_Base_MspInit
                0x08000c80       0x74 ./Core/Src/tim.o
                0x08000c80                HAL_TIM_Base_MspInit
 .text.HAL_TIM_MspPostInit
                0x08000cf4       0x70 ./Core/Src/tim.o
                0x08000cf4                HAL_TIM_MspPostInit
 .text.Reset_Handler
                0x08000d64       0x50 ./Core/Startup/startup_stm32g474retx.o
                0x08000d64                Reset_Handler
 .text.Default_Handler
                0x08000db4        0x2 ./Core/Startup/startup_stm32g474retx.o
                0x08000db4                RTC_Alarm_IRQHandler
                0x08000db4                EXTI2_IRQHandler
                0x08000db4                TIM8_TRG_COM_IRQHandler
                0x08000db4                TIM8_CC_IRQHandler
                0x08000db4                HRTIM1_Master_IRQHandler
                0x08000db4                SPI4_IRQHandler
                0x08000db4                FDCAN3_IT0_IRQHandler
                0x08000db4                TIM1_CC_IRQHandler
                0x08000db4                HRTIM1_FLT_IRQHandler
                0x08000db4                HRTIM1_TIMF_IRQHandler
                0x08000db4                USB_HP_IRQHandler
                0x08000db4                CORDIC_IRQHandler
                0x08000db4                HRTIM1_TIMD_IRQHandler
                0x08000db4                DMA2_Channel8_IRQHandler
                0x08000db4                EXTI3_IRQHandler
                0x08000db4                I2C3_ER_IRQHandler
                0x08000db4                EXTI0_IRQHandler
                0x08000db4                I2C2_EV_IRQHandler
                0x08000db4                FPU_IRQHandler
                0x08000db4                FDCAN1_IT1_IRQHandler
                0x08000db4                TIM1_UP_TIM16_IRQHandler
                0x08000db4                HRTIM1_TIME_IRQHandler
                0x08000db4                SPI1_IRQHandler
                0x08000db4                HRTIM1_TIMC_IRQHandler
                0x08000db4                TIM8_UP_IRQHandler
                0x08000db4                DMA2_Channel2_IRQHandler
                0x08000db4                DMA1_Channel4_IRQHandler
                0x08000db4                TIM20_TRG_COM_IRQHandler
                0x08000db4                USART3_IRQHandler
                0x08000db4                DMA1_Channel7_IRQHandler
                0x08000db4                UART5_IRQHandler
                0x08000db4                ADC3_IRQHandler
                0x08000db4                TIM4_IRQHandler
                0x08000db4                DMA2_Channel1_IRQHandler
                0x08000db4                QUADSPI_IRQHandler
                0x08000db4                I2C1_EV_IRQHandler
                0x08000db4                DMA1_Channel6_IRQHandler
                0x08000db4                UART4_IRQHandler
                0x08000db4                DMA2_Channel4_IRQHandler
                0x08000db4                TIM3_IRQHandler
                0x08000db4                RCC_IRQHandler
                0x08000db4                TIM20_UP_IRQHandler
                0x08000db4                Default_Handler
                0x08000db4                DMA2_Channel7_IRQHandler
                0x08000db4                RTC_TAMP_LSECSS_IRQHandler
                0x08000db4                FMAC_IRQHandler
                0x08000db4                EXTI15_10_IRQHandler
                0x08000db4                DMA1_Channel8_IRQHandler
                0x08000db4                HRTIM1_TIMA_IRQHandler
                0x08000db4                TIM7_DAC_IRQHandler
                0x08000db4                FDCAN3_IT1_IRQHandler
                0x08000db4                TIM5_IRQHandler
                0x08000db4                UCPD1_IRQHandler
                0x08000db4                I2C3_EV_IRQHandler
                0x08000db4                EXTI9_5_IRQHandler
                0x08000db4                RTC_WKUP_IRQHandler
                0x08000db4                PVD_PVM_IRQHandler
                0x08000db4                SPI2_IRQHandler
                0x08000db4                ADC5_IRQHandler
                0x08000db4                DMA2_Channel5_IRQHandler
                0x08000db4                CRS_IRQHandler
                0x08000db4                DMA1_Channel5_IRQHandler
                0x08000db4                USB_LP_IRQHandler
                0x08000db4                EXTI4_IRQHandler
                0x08000db4                RNG_IRQHandler
                0x08000db4                HRTIM1_TIMB_IRQHandler
                0x08000db4                TIM1_TRG_COM_TIM17_IRQHandler
                0x08000db4                FDCAN2_IT1_IRQHandler
                0x08000db4                DMA1_Channel3_IRQHandler
                0x08000db4                ADC4_IRQHandler
                0x08000db4                WWDG_IRQHandler
                0x08000db4                I2C4_EV_IRQHandler
                0x08000db4                FDCAN2_IT0_IRQHandler
                0x08000db4                LPUART1_IRQHandler
                0x08000db4                DMA2_Channel6_IRQHandler
                0x08000db4                FDCAN1_IT0_IRQHandler
                0x08000db4                TIM2_IRQHandler
                0x08000db4                COMP7_IRQHandler
                0x08000db4                COMP1_2_3_IRQHandler
                0x08000db4                EXTI1_IRQHandler
                0x08000db4                USART2_IRQHandler
                0x08000db4                COMP4_5_6_IRQHandler
                0x08000db4                TIM20_BRK_IRQHandler
                0x08000db4                I2C2_ER_IRQHandler
                0x08000db4                DMA1_Channel2_IRQHandler
                0x08000db4                TIM8_BRK_IRQHandler
                0x08000db4                FLASH_IRQHandler
                0x08000db4                TIM20_CC_IRQHandler
                0x08000db4                USART1_IRQHandler
                0x08000db4                SPI3_IRQHandler
                0x08000db4                I2C1_ER_IRQHandler
                0x08000db4                FMC_IRQHandler
                0x08000db4                LPTIM1_IRQHandler
                0x08000db4                DMAMUX_OVR_IRQHandler
                0x08000db4                I2C4_ER_IRQHandler
                0x08000db4                USBWakeUp_IRQHandler
                0x08000db4                SAI1_IRQHandler
                0x08000db4                DMA2_Channel3_IRQHandler
                0x08000db4                TIM1_BRK_TIM15_IRQHandler
 .text.HAL_Init
                0x08000db6       0x30 ./Drivers/STM32G4xx_HAL_Driver/Src/stm32g4xx_hal.o
                0x08000db6                HAL_Init
 *fill*         0x08000de6        0x2 
 .text.HAL_InitTick
                0x08000de8       0x74 ./Drivers/STM32G4xx_HAL_Driver/Src/stm32g4xx_hal.o
                0x08000de8                HAL_InitTick
 .text.HAL_IncTick
                0x08000e5c       0x24 ./Drivers/STM32G4xx_HAL_Driver/Src/stm32g4xx_hal.o
                0x08000e5c                HAL_IncTick
 .text.HAL_GetTick
                0x08000e80       0x18 ./Drivers/STM32G4xx_HAL_Driver/Src/stm32g4xx_hal.o
                0x08000e80                HAL_GetTick
 .text.HAL_Delay
                0x08000e98       0x44 ./Drivers/STM32G4xx_HAL_Driver/Src/stm32g4xx_hal.o
                0x08000e98                HAL_Delay
 .text.LL_ADC_SetCommonClock
                0x08000edc       0x26 ./Drivers/STM32G4xx_HAL_Driver/Src/stm32g4xx_hal_adc.o
 .text.LL_ADC_SetCommonPathInternalCh
                0x08000f02       0x26 ./Drivers/STM32G4xx_HAL_Driver/Src/stm32g4xx_hal_adc.o
 .text.LL_ADC_GetCommonPathInternalCh
                0x08000f28       0x1c ./Drivers/STM32G4xx_HAL_Driver/Src/stm32g4xx_hal_adc.o
 .text.LL_ADC_SetOffset
                0x08000f44       0x48 ./Drivers/STM32G4xx_HAL_Driver/Src/stm32g4xx_hal_adc.o
 .text.LL_ADC_GetOffsetChannel
                0x08000f8c       0x2c ./Drivers/STM32G4xx_HAL_Driver/Src/stm32g4xx_hal_adc.o
 .text.LL_ADC_SetOffsetState
                0x08000fb8       0x36 ./Drivers/STM32G4xx_HAL_Driver/Src/stm32g4xx_hal_adc.o
 .text.LL_ADC_SetOffsetSign
                0x08000fee       0x36 ./Drivers/STM32G4xx_HAL_Driver/Src/stm32g4xx_hal_adc.o
 .text.LL_ADC_SetOffsetSaturation
                0x08001024       0x36 ./Drivers/STM32G4xx_HAL_Driver/Src/stm32g4xx_hal_adc.o
 .text.LL_ADC_SetSamplingTimeCommonConfig
                0x0800105a       0x26 ./Drivers/STM32G4xx_HAL_Driver/Src/stm32g4xx_hal_adc.o
 .text.LL_ADC_REG_IsTriggerSourceSWStart
                0x08001080       0x26 ./Drivers/STM32G4xx_HAL_Driver/Src/stm32g4xx_hal_adc.o
 .text.LL_ADC_REG_SetSequencerRanks
                0x080010a6       0x58 ./Drivers/STM32G4xx_HAL_Driver/Src/stm32g4xx_hal_adc.o
 .text.LL_ADC_INJ_IsTriggerSourceSWStart
                0x080010fe       0x26 ./Drivers/STM32G4xx_HAL_Driver/Src/stm32g4xx_hal_adc.o
 .text.LL_ADC_SetChannelSamplingTime
                0x08001124       0x56 ./Drivers/STM32G4xx_HAL_Driver/Src/stm32g4xx_hal_adc.o
 *fill*         0x0800117a        0x2 
 .text.LL_ADC_SetChannelSingleDiff
                0x0800117c       0x48 ./Drivers/STM32G4xx_HAL_Driver/Src/stm32g4xx_hal_adc.o
 .text.LL_ADC_GetMultimode
                0x080011c4       0x1c ./Drivers/STM32G4xx_HAL_Driver/Src/stm32g4xx_hal_adc.o
 .text.LL_ADC_GetMultiDMATransfer
                0x080011e0       0x1c ./Drivers/STM32G4xx_HAL_Driver/Src/stm32g4xx_hal_adc.o
 .text.LL_ADC_DisableDeepPowerDown
                0x080011fc       0x24 ./Drivers/STM32G4xx_HAL_Driver/Src/stm32g4xx_hal_adc.o
 .text.LL_ADC_IsDeepPowerDownEnabled
                0x08001220       0x28 ./Drivers/STM32G4xx_HAL_Driver/Src/stm32g4xx_hal_adc.o
 .text.LL_ADC_EnableInternalRegulator
                0x08001248       0x28 ./Drivers/STM32G4xx_HAL_Driver/Src/stm32g4xx_hal_adc.o
 .text.LL_ADC_IsInternalRegulatorEnabled
                0x08001270       0x28 ./Drivers/STM32G4xx_HAL_Driver/Src/stm32g4xx_hal_adc.o
 .text.LL_ADC_Enable
                0x08001298       0x28 ./Drivers/STM32G4xx_HAL_Driver/Src/stm32g4xx_hal_adc.o
 .text.LL_ADC_IsEnabled
                0x080012c0       0x26 ./Drivers/STM32G4xx_HAL_Driver/Src/stm32g4xx_hal_adc.o
 .text.LL_ADC_REG_StartConversion
                0x080012e6       0x28 ./Drivers/STM32G4xx_HAL_Driver/Src/stm32g4xx_hal_adc.o
 .text.LL_ADC_REG_IsConversionOngoing
                0x0800130e       0x26 ./Drivers/STM32G4xx_HAL_Driver/Src/stm32g4xx_hal_adc.o
 .text.LL_ADC_INJ_IsConversionOngoing
                0x08001334       0x26 ./Drivers/STM32G4xx_HAL_Driver/Src/stm32g4xx_hal_adc.o
 *fill*         0x0800135a        0x2 
 .text.HAL_ADC_Init
                0x0800135c      0x378 ./Drivers/STM32G4xx_HAL_Driver/Src/stm32g4xx_hal_adc.o
                0x0800135c                HAL_ADC_Init
 .text.HAL_ADC_Start_DMA
                0x080016d4      0x1a8 ./Drivers/STM32G4xx_HAL_Driver/Src/stm32g4xx_hal_adc.o
                0x080016d4                HAL_ADC_Start_DMA
 .text.HAL_ADC_IRQHandler
                0x0800187c      0x4c0 ./Drivers/STM32G4xx_HAL_Driver/Src/stm32g4xx_hal_adc.o
                0x0800187c                HAL_ADC_IRQHandler
 .text.HAL_ADC_ConvCpltCallback
                0x08001d3c       0x14 ./Drivers/STM32G4xx_HAL_Driver/Src/stm32g4xx_hal_adc.o
                0x08001d3c                HAL_ADC_ConvCpltCallback
 .text.HAL_ADC_ConvHalfCpltCallback
                0x08001d50       0x14 ./Drivers/STM32G4xx_HAL_Driver/Src/stm32g4xx_hal_adc.o
                0x08001d50                HAL_ADC_ConvHalfCpltCallback
 .text.HAL_ADC_LevelOutOfWindowCallback
                0x08001d64       0x14 ./Drivers/STM32G4xx_HAL_Driver/Src/stm32g4xx_hal_adc.o
                0x08001d64                HAL_ADC_LevelOutOfWindowCallback
 .text.HAL_ADC_ErrorCallback
                0x08001d78       0x14 ./Drivers/STM32G4xx_HAL_Driver/Src/stm32g4xx_hal_adc.o
                0x08001d78                HAL_ADC_ErrorCallback
 .text.HAL_ADC_ConfigChannel
                0x08001d8c      0x880 ./Drivers/STM32G4xx_HAL_Driver/Src/stm32g4xx_hal_adc.o
                0x08001d8c                HAL_ADC_ConfigChannel
 .text.ADC_Enable
                0x0800260c      0x12c ./Drivers/STM32G4xx_HAL_Driver/Src/stm32g4xx_hal_adc.o
                0x0800260c                ADC_Enable
 .text.ADC_DMAConvCplt
                0x08002738       0xd8 ./Drivers/STM32G4xx_HAL_Driver/Src/stm32g4xx_hal_adc.o
                0x08002738                ADC_DMAConvCplt
 .text.ADC_DMAHalfConvCplt
                0x08002810       0x1c ./Drivers/STM32G4xx_HAL_Driver/Src/stm32g4xx_hal_adc.o
                0x08002810                ADC_DMAHalfConvCplt
 .text.ADC_DMAError
                0x0800282c       0x34 ./Drivers/STM32G4xx_HAL_Driver/Src/stm32g4xx_hal_adc.o
                0x0800282c                ADC_DMAError
 .text.LL_ADC_IsEnabled
                0x08002860       0x26 ./Drivers/STM32G4xx_HAL_Driver/Src/stm32g4xx_hal_adc_ex.o
 .text.LL_ADC_REG_IsConversionOngoing
                0x08002886       0x26 ./Drivers/STM32G4xx_HAL_Driver/Src/stm32g4xx_hal_adc_ex.o
 .text.HAL_ADCEx_InjectedConvCpltCallback
                0x080028ac       0x14 ./Drivers/STM32G4xx_HAL_Driver/Src/stm32g4xx_hal_adc_ex.o
                0x080028ac                HAL_ADCEx_InjectedConvCpltCallback
 .text.HAL_ADCEx_InjectedQueueOverflowCallback
                0x080028c0       0x14 ./Drivers/STM32G4xx_HAL_Driver/Src/stm32g4xx_hal_adc_ex.o
                0x080028c0                HAL_ADCEx_InjectedQueueOverflowCallback
 .text.HAL_ADCEx_LevelOutOfWindow2Callback
                0x080028d4       0x14 ./Drivers/STM32G4xx_HAL_Driver/Src/stm32g4xx_hal_adc_ex.o
                0x080028d4                HAL_ADCEx_LevelOutOfWindow2Callback
 .text.HAL_ADCEx_LevelOutOfWindow3Callback
                0x080028e8       0x14 ./Drivers/STM32G4xx_HAL_Driver/Src/stm32g4xx_hal_adc_ex.o
                0x080028e8                HAL_ADCEx_LevelOutOfWindow3Callback
 .text.HAL_ADCEx_EndOfSamplingCallback
                0x080028fc       0x14 ./Drivers/STM32G4xx_HAL_Driver/Src/stm32g4xx_hal_adc_ex.o
                0x080028fc                HAL_ADCEx_EndOfSamplingCallback
 .text.HAL_ADCEx_MultiModeConfigChannel
                0x08002910      0x210 ./Drivers/STM32G4xx_HAL_Driver/Src/stm32g4xx_hal_adc_ex.o
                0x08002910                HAL_ADCEx_MultiModeConfigChannel
 .text.__NVIC_SetPriorityGrouping
                0x08002b20       0x48 ./Drivers/STM32G4xx_HAL_Driver/Src/stm32g4xx_hal_cortex.o
 .text.__NVIC_GetPriorityGrouping
                0x08002b68       0x1c ./Drivers/STM32G4xx_HAL_Driver/Src/stm32g4xx_hal_cortex.o
 .text.__NVIC_EnableIRQ
                0x08002b84       0x3c ./Drivers/STM32G4xx_HAL_Driver/Src/stm32g4xx_hal_cortex.o
 .text.__NVIC_SetPriority
                0x08002bc0       0x54 ./Drivers/STM32G4xx_HAL_Driver/Src/stm32g4xx_hal_cortex.o
 .text.NVIC_EncodePriority
                0x08002c14       0x66 ./Drivers/STM32G4xx_HAL_Driver/Src/stm32g4xx_hal_cortex.o
 *fill*         0x08002c7a        0x2 
 .text.SysTick_Config
                0x08002c7c       0x44 ./Drivers/STM32G4xx_HAL_Driver/Src/stm32g4xx_hal_cortex.o
 .text.HAL_NVIC_SetPriorityGrouping
                0x08002cc0       0x16 ./Drivers/STM32G4xx_HAL_Driver/Src/stm32g4xx_hal_cortex.o
                0x08002cc0                HAL_NVIC_SetPriorityGrouping
 .text.HAL_NVIC_SetPriority
                0x08002cd6       0x34 ./Drivers/STM32G4xx_HAL_Driver/Src/stm32g4xx_hal_cortex.o
                0x08002cd6                HAL_NVIC_SetPriority
 .text.HAL_NVIC_EnableIRQ
                0x08002d0a       0x1c ./Drivers/STM32G4xx_HAL_Driver/Src/stm32g4xx_hal_cortex.o
                0x08002d0a                HAL_NVIC_EnableIRQ
 .text.HAL_SYSTICK_Config
                0x08002d26       0x18 ./Drivers/STM32G4xx_HAL_Driver/Src/stm32g4xx_hal_cortex.o
                0x08002d26                HAL_SYSTICK_Config
 *fill*         0x08002d3e        0x2 
 .text.HAL_DMA_Init
                0x08002d40      0x150 ./Drivers/STM32G4xx_HAL_Driver/Src/stm32g4xx_hal_dma.o
                0x08002d40                HAL_DMA_Init
 .text.HAL_DMA_Start_IT
                0x08002e90       0xf6 ./Drivers/STM32G4xx_HAL_Driver/Src/stm32g4xx_hal_dma.o
                0x08002e90                HAL_DMA_Start_IT
 .text.HAL_DMA_IRQHandler
                0x08002f86      0x15e ./Drivers/STM32G4xx_HAL_Driver/Src/stm32g4xx_hal_dma.o
                0x08002f86                HAL_DMA_IRQHandler
 .text.DMA_SetConfig
                0x080030e4       0x7c ./Drivers/STM32G4xx_HAL_Driver/Src/stm32g4xx_hal_dma.o
 .text.DMA_CalcDMAMUXChannelBaseAndMask
                0x08003160       0x90 ./Drivers/STM32G4xx_HAL_Driver/Src/stm32g4xx_hal_dma.o
 .text.DMA_CalcDMAMUXRequestGenBaseAndMask
                0x080031f0       0x4c ./Drivers/STM32G4xx_HAL_Driver/Src/stm32g4xx_hal_dma.o
 .text.HAL_GPIO_Init
                0x0800323c      0x318 ./Drivers/STM32G4xx_HAL_Driver/Src/stm32g4xx_hal_gpio.o
                0x0800323c                HAL_GPIO_Init
 .text.HAL_GPIO_WritePin
                0x08003554       0x30 ./Drivers/STM32G4xx_HAL_Driver/Src/stm32g4xx_hal_gpio.o
                0x08003554                HAL_GPIO_WritePin
 .text.HAL_PWREx_ControlVoltageScaling
                0x08003584      0x148 ./Drivers/STM32G4xx_HAL_Driver/Src/stm32g4xx_hal_pwr_ex.o
                0x08003584                HAL_PWREx_ControlVoltageScaling
 .text.HAL_PWREx_DisableUCPDDeadBattery
                0x080036cc       0x20 ./Drivers/STM32G4xx_HAL_Driver/Src/stm32g4xx_hal_pwr_ex.o
                0x080036cc                HAL_PWREx_DisableUCPDDeadBattery
 .text.HAL_RCC_OscConfig
                0x080036ec      0x624 ./Drivers/STM32G4xx_HAL_Driver/Src/stm32g4xx_hal_rcc.o
                0x080036ec                HAL_RCC_OscConfig
 .text.HAL_RCC_ClockConfig
                0x08003d10      0x278 ./Drivers/STM32G4xx_HAL_Driver/Src/stm32g4xx_hal_rcc.o
                0x08003d10                HAL_RCC_ClockConfig
 .text.HAL_RCC_GetSysClockFreq
                0x08003f88       0xc4 ./Drivers/STM32G4xx_HAL_Driver/Src/stm32g4xx_hal_rcc.o
                0x08003f88                HAL_RCC_GetSysClockFreq
 .text.RCC_GetSysClockFreqFromPLLSource
                0x0800404c       0x8c ./Drivers/STM32G4xx_HAL_Driver/Src/stm32g4xx_hal_rcc.o
 .text.HAL_RCCEx_PeriphCLKConfig
                0x080040d8      0x49c ./Drivers/STM32G4xx_HAL_Driver/Src/stm32g4xx_hal_rcc_ex.o
                0x080040d8                HAL_RCCEx_PeriphCLKConfig
 .text.HAL_TIM_Base_Init
                0x08004574       0xae ./Drivers/STM32G4xx_HAL_Driver/Src/stm32g4xx_hal_tim.o
                0x08004574                HAL_TIM_Base_Init
 *fill*         0x08004622        0x2 
 .text.HAL_TIM_Base_Start
                0x08004624       0xe0 ./Drivers/STM32G4xx_HAL_Driver/Src/stm32g4xx_hal_tim.o
                0x08004624                HAL_TIM_Base_Start
 .text.HAL_TIM_Base_Start_IT
                0x08004704       0xf0 ./Drivers/STM32G4xx_HAL_Driver/Src/stm32g4xx_hal_tim.o
                0x08004704                HAL_TIM_Base_Start_IT
 .text.HAL_TIM_PWM_Init
                0x080047f4       0xae ./Drivers/STM32G4xx_HAL_Driver/Src/stm32g4xx_hal_tim.o
                0x080047f4                HAL_TIM_PWM_Init
 .text.HAL_TIM_PWM_MspInit
                0x080048a2       0x14 ./Drivers/STM32G4xx_HAL_Driver/Src/stm32g4xx_hal_tim.o
                0x080048a2                HAL_TIM_PWM_MspInit
 *fill*         0x080048b6        0x2 
 .text.HAL_TIM_PWM_Start
                0x080048b8      0x224 ./Drivers/STM32G4xx_HAL_Driver/Src/stm32g4xx_hal_tim.o
                0x080048b8                HAL_TIM_PWM_Start
 .text.HAL_TIM_Encoder_Init
                0x08004adc      0x14c ./Drivers/STM32G4xx_HAL_Driver/Src/stm32g4xx_hal_tim.o
                0x08004adc                HAL_TIM_Encoder_Init
 .text.HAL_TIM_Encoder_Start
                0x08004c28      0x11c ./Drivers/STM32G4xx_HAL_Driver/Src/stm32g4xx_hal_tim.o
                0x08004c28                HAL_TIM_Encoder_Start
 .text.HAL_TIM_IRQHandler
                0x08004d44      0x29e ./Drivers/STM32G4xx_HAL_Driver/Src/stm32g4xx_hal_tim.o
                0x08004d44                HAL_TIM_IRQHandler
 *fill*         0x08004fe2        0x2 
 .text.HAL_TIM_PWM_ConfigChannel
                0x08004fe4      0x228 ./Drivers/STM32G4xx_HAL_Driver/Src/stm32g4xx_hal_tim.o
                0x08004fe4                HAL_TIM_PWM_ConfigChannel
 .text.HAL_TIM_ConfigClockSource
                0x0800520c      0x22c ./Drivers/STM32G4xx_HAL_Driver/Src/stm32g4xx_hal_tim.o
                0x0800520c                HAL_TIM_ConfigClockSource
 .text.HAL_TIM_PeriodElapsedCallback
                0x08005438       0x14 ./Drivers/STM32G4xx_HAL_Driver/Src/stm32g4xx_hal_tim.o
                0x08005438                HAL_TIM_PeriodElapsedCallback
 .text.HAL_TIM_OC_DelayElapsedCallback
                0x0800544c       0x14 ./Drivers/STM32G4xx_HAL_Driver/Src/stm32g4xx_hal_tim.o
                0x0800544c                HAL_TIM_OC_DelayElapsedCallback
 .text.HAL_TIM_IC_CaptureCallback
                0x08005460       0x14 ./Drivers/STM32G4xx_HAL_Driver/Src/stm32g4xx_hal_tim.o
                0x08005460                HAL_TIM_IC_CaptureCallback
 .text.HAL_TIM_PWM_PulseFinishedCallback
                0x08005474       0x14 ./Drivers/STM32G4xx_HAL_Driver/Src/stm32g4xx_hal_tim.o
                0x08005474                HAL_TIM_PWM_PulseFinishedCallback
 .text.HAL_TIM_TriggerCallback
                0x08005488       0x14 ./Drivers/STM32G4xx_HAL_Driver/Src/stm32g4xx_hal_tim.o
                0x08005488                HAL_TIM_TriggerCallback
 .text.TIM_Base_SetConfig
                0x0800549c      0x15c ./Drivers/STM32G4xx_HAL_Driver/Src/stm32g4xx_hal_tim.o
                0x0800549c                TIM_Base_SetConfig
 .text.TIM_OC1_SetConfig
                0x080055f8      0x138 ./Drivers/STM32G4xx_HAL_Driver/Src/stm32g4xx_hal_tim.o
 .text.TIM_OC2_SetConfig
                0x08005730      0x12c ./Drivers/STM32G4xx_HAL_Driver/Src/stm32g4xx_hal_tim.o
                0x08005730                TIM_OC2_SetConfig
 .text.TIM_OC3_SetConfig
                0x0800585c      0x128 ./Drivers/STM32G4xx_HAL_Driver/Src/stm32g4xx_hal_tim.o
 .text.TIM_OC4_SetConfig
                0x08005984      0x12c ./Drivers/STM32G4xx_HAL_Driver/Src/stm32g4xx_hal_tim.o
 .text.TIM_OC5_SetConfig
                0x08005ab0       0xd4 ./Drivers/STM32G4xx_HAL_Driver/Src/stm32g4xx_hal_tim.o
 .text.TIM_OC6_SetConfig
                0x08005b84       0xd8 ./Drivers/STM32G4xx_HAL_Driver/Src/stm32g4xx_hal_tim.o
 .text.TIM_TI1_ConfigInputStage
                0x08005c5c       0xb4 ./Drivers/STM32G4xx_HAL_Driver/Src/stm32g4xx_hal_tim.o
 .text.TIM_TI2_ConfigInputStage
                0x08005d10       0x90 ./Drivers/STM32G4xx_HAL_Driver/Src/stm32g4xx_hal_tim.o
 .text.TIM_ITRx_SetConfig
                0x08005da0       0x3a ./Drivers/STM32G4xx_HAL_Driver/Src/stm32g4xx_hal_tim.o
 .text.TIM_ETR_SetConfig
                0x08005dda       0x40 ./Drivers/STM32G4xx_HAL_Driver/Src/stm32g4xx_hal_tim.o
                0x08005dda                TIM_ETR_SetConfig
 .text.TIM_CCxChannelCmd
                0x08005e1a       0x4a ./Drivers/STM32G4xx_HAL_Driver/Src/stm32g4xx_hal_tim.o
                0x08005e1a                TIM_CCxChannelCmd
 .text.HAL_TIMEx_MasterConfigSynchronization
                0x08005e64      0x12c ./Drivers/STM32G4xx_HAL_Driver/Src/stm32g4xx_hal_tim_ex.o
                0x08005e64                HAL_TIMEx_MasterConfigSynchronization
 .text.HAL_TIMEx_ConfigBreakDeadTime
                0x08005f90      0x128 ./Drivers/STM32G4xx_HAL_Driver/Src/stm32g4xx_hal_tim_ex.o
                0x08005f90                HAL_TIMEx_ConfigBreakDeadTime
 .text.HAL_TIMEx_CommutCallback
                0x080060b8       0x14 ./Drivers/STM32G4xx_HAL_Driver/Src/stm32g4xx_hal_tim_ex.o
                0x080060b8                HAL_TIMEx_CommutCallback
 .text.HAL_TIMEx_BreakCallback
                0x080060cc       0x14 ./Drivers/STM32G4xx_HAL_Driver/Src/stm32g4xx_hal_tim_ex.o
                0x080060cc                HAL_TIMEx_BreakCallback
 .text.HAL_TIMEx_Break2Callback
                0x080060e0       0x14 ./Drivers/STM32G4xx_HAL_Driver/Src/stm32g4xx_hal_tim_ex.o
                0x080060e0                HAL_TIMEx_Break2Callback
 .text.HAL_TIMEx_EncoderIndexCallback
                0x080060f4       0x14 ./Drivers/STM32G4xx_HAL_Driver/Src/stm32g4xx_hal_tim_ex.o
                0x080060f4                HAL_TIMEx_EncoderIndexCallback
 .text.HAL_TIMEx_DirectionChangeCallback
                0x08006108       0x14 ./Drivers/STM32G4xx_HAL_Driver/Src/stm32g4xx_hal_tim_ex.o
                0x08006108                HAL_TIMEx_DirectionChangeCallback
 .text.HAL_TIMEx_IndexErrorCallback
                0x0800611c       0x14 ./Drivers/STM32G4xx_HAL_Driver/Src/stm32g4xx_hal_tim_ex.o
                0x0800611c                HAL_TIMEx_IndexErrorCallback
 .text.HAL_TIMEx_TransitionErrorCallback
                0x08006130       0x14 ./Drivers/STM32G4xx_HAL_Driver/Src/stm32g4xx_hal_tim_ex.o
                0x08006130                HAL_TIMEx_TransitionErrorCallback
 .text.memset   0x08006144       0x10 C:/ST/STM32CubeIDE_2.1.0/STM32CubeIDE/plugins/com.st.stm32cube.ide.mcu.externaltools.gnu-tools-for-stm32.14.3.rel1.win32_1.0.100.202602081740/tools/bin/../lib/gcc/arm-none-eabi/14.3.1/../../../../arm-none-eabi/lib/thumb/v7e-m+fp/hard\libc_nano.a(libc_a-memset.o)
                0x08006144                memset
 .text.__libc_init_array
                0x08006154       0x48 C:/ST/STM32CubeIDE_2.1.0/STM32CubeIDE/plugins/com.st.stm32cube.ide.mcu.externaltools.gnu-tools-for-stm32.14.3.rel1.win32_1.0.100.202602081740/tools/bin/../lib/gcc/arm-none-eabi/14.3.1/../../../../arm-none-eabi/lib/thumb/v7e-m+fp/hard\libc_nano.a(libc_a-init.o)
                0x08006154                __libc_init_array
 *(.glue_7)
 .glue_7        0x0800619c        0x0 linker stubs
 *(.glue_7t)
 .glue_7t       0x0800619c        0x0 linker stubs
 *(.eh_frame)
 .eh_frame      0x0800619c        0x0 C:/ST/STM32CubeIDE_2.1.0/STM32CubeIDE/plugins/com.st.stm32cube.ide.mcu.externaltools.gnu-tools-for-stm32.14.3.rel1.win32_1.0.100.202602081740/tools/bin/../lib/gcc/arm-none-eabi/14.3.1/thumb/v7e-m+fp/hard/crtbegin.o
 *(.init)
 .init          0x0800619c        0x4 C:/ST/STM32CubeIDE_2.1.0/STM32CubeIDE/plugins/com.st.stm32cube.ide.mcu.externaltools.gnu-tools-for-stm32.14.3.rel1.win32_1.0.100.202602081740/tools/bin/../lib/gcc/arm-none-eabi/14.3.1/thumb/v7e-m+fp/hard/crti.o
                0x0800619c                _init
 .init          0x080061a0        0x8 C:/ST/STM32CubeIDE_2.1.0/STM32CubeIDE/plugins/com.st.stm32cube.ide.mcu.externaltools.gnu-tools-for-stm32.14.3.rel1.win32_1.0.100.202602081740/tools/bin/../lib/gcc/arm-none-eabi/14.3.1/thumb/v7e-m+fp/hard/crtn.o
 *(.fini)
 .fini          0x080061a8        0x4 C:/ST/STM32CubeIDE_2.1.0/STM32CubeIDE/plugins/com.st.stm32cube.ide.mcu.externaltools.gnu-tools-for-stm32.14.3.rel1.win32_1.0.100.202602081740/tools/bin/../lib/gcc/arm-none-eabi/14.3.1/thumb/v7e-m+fp/hard/crti.o
                0x080061a8                _fini
 .fini          0x080061ac        0x8 C:/ST/STM32CubeIDE_2.1.0/STM32CubeIDE/plugins/com.st.stm32cube.ide.mcu.externaltools.gnu-tools-for-stm32.14.3.rel1.win32_1.0.100.202602081740/tools/bin/../lib/gcc/arm-none-eabi/14.3.1/thumb/v7e-m+fp/hard/crtn.o
                0x080061b4                        . = ALIGN (0x4)
                0x080061b4                        _etext = .

.vfp11_veneer   0x080061b4        0x0
 .vfp11_veneer  0x080061b4        0x0 linker stubs

.v4_bx          0x080061b4        0x0
 .v4_bx         0x080061b4        0x0 linker stubs

.iplt           0x080061b4        0x0
 .iplt          0x080061b4        0x0 C:/ST/STM32CubeIDE_2.1.0/STM32CubeIDE/plugins/com.st.stm32cube.ide.mcu.externaltools.gnu-tools-for-stm32.14.3.rel1.win32_1.0.100.202602081740/tools/bin/../lib/gcc/arm-none-eabi/14.3.1/thumb/v7e-m+fp/hard/crtbegin.o

.rodata         0x080061b4       0x10
                0x080061b4                        . = ALIGN (0x4)
 *(.rodata)
 *(.rodata*)
 .rodata.AHBPrescTable
                0x080061b4       0x10 ./Core/Src/system_stm32g4xx.o
                0x080061b4                AHBPrescTable
                0x080061c4                        . = ALIGN (0x4)

.ARM.extab      0x080061c4        0x0
                0x080061c4                        . = ALIGN (0x4)
 *(.ARM.extab* .gnu.linkonce.armextab.*)
                0x080061c4                        . = ALIGN (0x4)

.ARM            0x080061c4        0x0
                0x080061c4                        . = ALIGN (0x4)
                0x080061c4                        __exidx_start = .
 *(.ARM.exidx*)
                0x080061c4                        __exidx_end = .
                0x080061c4                        . = ALIGN (0x4)

.preinit_array  0x080061c4        0x0
                0x080061c4                        . = ALIGN (0x4)
                0x080061c4                        PROVIDE (__preinit_array_start = .)
 *(.preinit_array*)
                0x080061c4                        PROVIDE (__preinit_array_end = .)
                0x080061c4                        . = ALIGN (0x4)

.init_array     0x080061c4        0x4
                0x080061c4                        . = ALIGN (0x4)
                0x080061c4                        PROVIDE (__init_array_start = .)
 *(SORT_BY_NAME(.init_array.*))
 *(.init_array*)
 .init_array    0x080061c4        0x4 C:/ST/STM32CubeIDE_2.1.0/STM32CubeIDE/plugins/com.st.stm32cube.ide.mcu.externaltools.gnu-tools-for-stm32.14.3.rel1.win32_1.0.100.202602081740/tools/bin/../lib/gcc/arm-none-eabi/14.3.1/thumb/v7e-m+fp/hard/crtbegin.o
                0x080061c8                        PROVIDE (__init_array_end = .)
                0x080061c8                        . = ALIGN (0x4)

.fini_array     0x080061c8        0x4
                0x080061c8                        . = ALIGN (0x4)
                [!provide]                        PROVIDE (__fini_array_start = .)
 *(SORT_BY_NAME(.fini_array.*))
 *(.fini_array*)
 .fini_array    0x080061c8        0x4 C:/ST/STM32CubeIDE_2.1.0/STM32CubeIDE/plugins/com.st.stm32cube.ide.mcu.externaltools.gnu-tools-for-stm32.14.3.rel1.win32_1.0.100.202602081740/tools/bin/../lib/gcc/arm-none-eabi/14.3.1/thumb/v7e-m+fp/hard/crtbegin.o
                [!provide]                        PROVIDE (__fini_array_end = .)
                0x080061cc                        . = ALIGN (0x4)
                0x080061cc                        _sidata = LOADADDR (.data)

.rel.dyn        0x080061cc        0x0
 .rel.iplt      0x080061cc        0x0 C:/ST/STM32CubeIDE_2.1.0/STM32CubeIDE/plugins/com.st.stm32cube.ide.mcu.externaltools.gnu-tools-for-stm32.14.3.rel1.win32_1.0.100.202602081740/tools/bin/../lib/gcc/arm-none-eabi/14.3.1/thumb/v7e-m+fp/hard/crtbegin.o

.data           0x20000000        0xc load address 0x080061cc
                0x20000000                        . = ALIGN (0x4)
                0x20000000                        _sdata = .
 *(.data)
 *(.data*)
 .data.SystemCoreClock
                0x20000000        0x4 ./Core/Src/system_stm32g4xx.o
                0x20000000                SystemCoreClock
 .data.uwTickPrio
                0x20000004        0x4 ./Drivers/STM32G4xx_HAL_Driver/Src/stm32g4xx_hal.o
                0x20000004                uwTickPrio
 .data.uwTickFreq
                0x20000008        0x4 ./Drivers/STM32G4xx_HAL_Driver/Src/stm32g4xx_hal.o
                0x20000008                uwTickFreq
 *(.RamFunc)
 *(.RamFunc*)
                0x2000000c                        . = ALIGN (0x4)
                0x2000000c                        _edata = .

.igot.plt       0x2000000c        0x0 load address 0x080061d8
 .igot.plt      0x2000000c        0x0 C:/ST/STM32CubeIDE_2.1.0/STM32CubeIDE/plugins/com.st.stm32cube.ide.mcu.externaltools.gnu-tools-for-stm32.14.3.rel1.win32_1.0.100.202602081740/tools/bin/../lib/gcc/arm-none-eabi/14.3.1/thumb/v7e-m+fp/hard/crtbegin.o
                0x2000000c                        . = ALIGN (0x4)

.bss            0x2000000c      0x200 load address 0x080061d8
                0x2000000c                        _sbss = .
                0x2000000c                        __bss_start__ = _sbss
 *(.bss)
 .bss           0x2000000c       0x1c C:/ST/STM32CubeIDE_2.1.0/STM32CubeIDE/plugins/com.st.stm32cube.ide.mcu.externaltools.gnu-tools-for-stm32.14.3.rel1.win32_1.0.100.202602081740/tools/bin/../lib/gcc/arm-none-eabi/14.3.1/thumb/v7e-m+fp/hard/crtbegin.o
 *(.bss*)
 .bss.hadc1     0x20000028       0x6c ./Core/Src/adc.o
                0x20000028                hadc1
 .bss.hdma_adc1
                0x20000094       0x60 ./Core/Src/adc.o
                0x20000094                hdma_adc1
 .bss.adc_buffer
                0x200000f4       0x14 ./Core/Src/main.o
                0x200000f4                adc_buffer
 .bss.myMotor1  0x20000108       0x18 ./Core/Src/main.o
                0x20000108                myMotor1
 .bss.dutycycle
                0x20000120        0x4 ./Core/Src/main.o
                0x20000120                dutycycle
 .bss.htim3     0x20000124       0x4c ./Core/Src/tim.o
                0x20000124                htim3
 .bss.htim6     0x20000170       0x4c ./Core/Src/tim.o
                0x20000170                htim6
 .bss.htim8     0x200001bc       0x4c ./Core/Src/tim.o
                0x200001bc                htim8
 .bss.uwTick    0x20000208        0x4 ./Drivers/STM32G4xx_HAL_Driver/Src/stm32g4xx_hal.o
                0x20000208                uwTick
 *(COMMON)
                0x2000020c                        . = ALIGN (0x4)
                0x2000020c                        _ebss = .
                0x2000020c                        __bss_end__ = _ebss

._user_heap_stack
                0x2000020c      0x604 load address 0x080061d8
                0x20000210                        . = ALIGN (0x8)
 *fill*         0x2000020c        0x4 
                [!provide]                        PROVIDE (end = .)
                0x20000210                        PROVIDE (_end = .)
                0x20000410                        . = (. + _Min_Heap_Size)
 *fill*         0x20000210      0x200 
                0x20000810                        . = (. + _Min_Stack_Size)
 *fill*         0x20000410      0x400 
                0x20000810                        . = ALIGN (0x8)

/DISCARD/
 libc.a(*)
 libm.a(*)
 libgcc.a(*)

.ARM.attributes
                0x00000000       0x30
 *(.ARM.attributes)
 .ARM.attributes
                0x00000000       0x22 C:/ST/STM32CubeIDE_2.1.0/STM32CubeIDE/plugins/com.st.stm32cube.ide.mcu.externaltools.gnu-tools-for-stm32.14.3.rel1.win32_1.0.100.202602081740/tools/bin/../lib/gcc/arm-none-eabi/14.3.1/thumb/v7e-m+fp/hard/crti.o
 .ARM.attributes
                0x00000022       0x34 C:/ST/STM32CubeIDE_2.1.0/STM32CubeIDE/plugins/com.st.stm32cube.ide.mcu.externaltools.gnu-tools-for-stm32.14.3.rel1.win32_1.0.100.202602081740/tools/bin/../lib/gcc/arm-none-eabi/14.3.1/thumb/v7e-m+fp/hard/crtbegin.o
 .ARM.attributes
                0x00000056       0x34 ./Core/Src/adc.o
 .ARM.attributes
                0x0000008a       0x34 ./Core/Src/dma.o
 .ARM.attributes
                0x000000be       0x34 ./Core/Src/gpio.o
 .ARM.attributes
                0x000000f2       0x34 ./Core/Src/main.o
 .ARM.attributes
                0x00000126       0x34 ./Core/Src/motor.o
 .ARM.attributes
                0x0000015a       0x34 ./Core/Src/stm32g4xx_hal_msp.o
 .ARM.attributes
                0x0000018e       0x34 ./Core/Src/stm32g4xx_it.o
 .ARM.attributes
                0x000001c2       0x34 ./Core/Src/system_stm32g4xx.o
 .ARM.attributes
                0x000001f6       0x34 ./Core/Src/tim.o
 .ARM.attributes
                0x0000022a       0x21 ./Core/Startup/startup_stm32g474retx.o
 .ARM.attributes
                0x0000024b       0x34 ./Drivers/STM32G4xx_HAL_Driver/Src/stm32g4xx_hal.o
 .ARM.attributes
                0x0000027f       0x34 ./Drivers/STM32G4xx_HAL_Driver/Src/stm32g4xx_hal_adc.o
 .ARM.attributes
                0x000002b3       0x34 ./Drivers/STM32G4xx_HAL_Driver/Src/stm32g4xx_hal_adc_ex.o
 .ARM.attributes
                0x000002e7       0x34 ./Drivers/STM32G4xx_HAL_Driver/Src/stm32g4xx_hal_cortex.o
 .ARM.attributes
                0x0000031b       0x34 ./Drivers/STM32G4xx_HAL_Driver/Src/stm32g4xx_hal_dma.o
 .ARM.attributes
                0x0000034f       0x34 ./Drivers/STM32G4xx_HAL_Driver/Src/stm32g4xx_hal_gpio.o
 .ARM.attributes
                0x00000383       0x34 ./Drivers/STM32G4xx_HAL_Driver/Src/stm32g4xx_hal_pwr_ex.o
 .ARM.attributes
                0x000003b7       0x34 ./Drivers/STM32G4xx_HAL_Driver/Src/stm32g4xx_hal_rcc.o
 .ARM.attributes
                0x000003eb       0x34 ./Drivers/STM32G4xx_HAL_Driver/Src/stm32g4xx_hal_rcc_ex.o
 .ARM.attributes
                0x0000041f       0x34 ./Drivers/STM32G4xx_HAL_Driver/Src/stm32g4xx_hal_tim.o
 .ARM.attributes
                0x00000453       0x34 ./Drivers/STM32G4xx_HAL_Driver/Src/stm32g4xx_hal_tim_ex.o
 .ARM.attributes
                0x00000487       0x34 C:/ST/STM32CubeIDE_2.1.0/STM32CubeIDE/plugins/com.st.stm32cube.ide.mcu.externaltools.gnu-tools-for-stm32.14.3.rel1.win32_1.0.100.202602081740/tools/bin/../lib/gcc/arm-none-eabi/14.3.1/../../../../arm-none-eabi/lib/thumb/v7e-m+fp/hard\libc_nano.a(libc_a-memset.o)
 .ARM.attributes
                0x000004bb       0x34 C:/ST/STM32CubeIDE_2.1.0/STM32CubeIDE/plugins/com.st.stm32cube.ide.mcu.externaltools.gnu-tools-for-stm32.14.3.rel1.win32_1.0.100.202602081740/tools/bin/../lib/gcc/arm-none-eabi/14.3.1/../../../../arm-none-eabi/lib/thumb/v7e-m+fp/hard\libc_nano.a(libc_a-init.o)
 .ARM.attributes
                0x000004ef       0x22 C:/ST/STM32CubeIDE_2.1.0/STM32CubeIDE/plugins/com.st.stm32cube.ide.mcu.externaltools.gnu-tools-for-stm32.14.3.rel1.win32_1.0.100.202602081740/tools/bin/../lib/gcc/arm-none-eabi/14.3.1/thumb/v7e-m+fp/hard/crtn.o
OUTPUT(Low_Level_Control.elf elf32-littlearm)
LOAD linker stubs
LOAD C:/ST/STM32CubeIDE_2.1.0/STM32CubeIDE/plugins/com.st.stm32cube.ide.mcu.externaltools.gnu-tools-for-stm32.14.3.rel1.win32_1.0.100.202602081740/tools/bin/../lib/gcc/arm-none-eabi/14.3.1/../../../../arm-none-eabi/lib/thumb/v7e-m+fp/hard\libc.a
LOAD C:/ST/STM32CubeIDE_2.1.0/STM32CubeIDE/plugins/com.st.stm32cube.ide.mcu.externaltools.gnu-tools-for-stm32.14.3.rel1.win32_1.0.100.202602081740/tools/bin/../lib/gcc/arm-none-eabi/14.3.1/../../../../arm-none-eabi/lib/thumb/v7e-m+fp/hard\libm.a
LOAD C:/ST/STM32CubeIDE_2.1.0/STM32CubeIDE/plugins/com.st.stm32cube.ide.mcu.externaltools.gnu-tools-for-stm32.14.3.rel1.win32_1.0.100.202602081740/tools/bin/../lib/gcc/arm-none-eabi/14.3.1/thumb/v7e-m+fp/hard\libgcc.a

.debug_info     0x00000000    0x135fa
 .debug_info    0x00000000     0x128c ./Core/Src/adc.o
 .debug_info    0x0000128c      0x5ac ./Core/Src/dma.o
 .debug_info    0x00001838      0x49c ./Core/Src/gpio.o
 .debug_info    0x00001cd4     0x121c ./Core/Src/main.o
 .debug_info    0x00002ef0      0xa97 ./Core/Src/motor.o
 .debug_info    0x00003987      0x2da ./Core/Src/stm32g4xx_hal_msp.o
 .debug_info    0x00003c61      0xd14 ./Core/Src/stm32g4xx_it.o
 .debug_info    0x00004975      0x58e ./Core/Src/system_stm32g4xx.o
 .debug_info    0x00004f03     0x1404 ./Core/Src/tim.o
 .debug_info    0x00006307       0x30 ./Core/Startup/startup_stm32g474retx.o
 .debug_info    0x00006337      0xb95 ./Drivers/STM32G4xx_HAL_Driver/Src/stm32g4xx_hal.o
 .debug_info    0x00006ecc     0x2063 ./Drivers/STM32G4xx_HAL_Driver/Src/stm32g4xx_hal_adc.o
 .debug_info    0x00008f2f     0x1d80 ./Drivers/STM32G4xx_HAL_Driver/Src/stm32g4xx_hal_adc_ex.o
 .debug_info    0x0000acaf      0xdf9 ./Drivers/STM32G4xx_HAL_Driver/Src/stm32g4xx_hal_cortex.o
 .debug_info    0x0000baa8      0x85f ./Drivers/STM32G4xx_HAL_Driver/Src/stm32g4xx_hal_dma.o
 .debug_info    0x0000c307      0x772 ./Drivers/STM32G4xx_HAL_Driver/Src/stm32g4xx_hal_gpio.o
 .debug_info    0x0000ca79      0x944 ./Drivers/STM32G4xx_HAL_Driver/Src/stm32g4xx_hal_pwr_ex.o
 .debug_info    0x0000d3bd      0xbf9 ./Drivers/STM32G4xx_HAL_Driver/Src/stm32g4xx_hal_rcc.o
 .debug_info    0x0000dfb6      0xc5d ./Drivers/STM32G4xx_HAL_Driver/Src/stm32g4xx_hal_rcc_ex.o
 .debug_info    0x0000ec13     0x2c52 ./Drivers/STM32G4xx_HAL_Driver/Src/stm32g4xx_hal_tim.o
 .debug_info    0x00011865     0x1d95 ./Drivers/STM32G4xx_HAL_Driver/Src/stm32g4xx_hal_tim_ex.o

.debug_abbrev   0x00000000     0x2b5f
 .debug_abbrev  0x00000000      0x20a ./Core/Src/adc.o
 .debug_abbrev  0x0000020a      0x109 ./Core/Src/dma.o
 .debug_abbrev  0x00000313      0x159 ./Core/Src/gpio.o
 .debug_abbrev  0x0000046c      0x2cd ./Core/Src/main.o
 .debug_abbrev  0x00000739      0x1f1 ./Core/Src/motor.o
 .debug_abbrev  0x0000092a       0xd9 ./Core/Src/stm32g4xx_hal_msp.o
 .debug_abbrev  0x00000a03      0x1d6 ./Core/Src/stm32g4xx_it.o
 .debug_abbrev  0x00000bd9      0x11a ./Core/Src/system_stm32g4xx.o
 .debug_abbrev  0x00000cf3      0x284 ./Core/Src/tim.o
 .debug_abbrev  0x00000f77       0x24 ./Core/Startup/startup_stm32g474retx.o
 .debug_abbrev  0x00000f9b      0x271 ./Drivers/STM32G4xx_HAL_Driver/Src/stm32g4xx_hal.o
 .debug_abbrev  0x0000120c      0x2d3 ./Drivers/STM32G4xx_HAL_Driver/Src/stm32g4xx_hal_adc.o
 .debug_abbrev  0x000014df      0x2ee ./Drivers/STM32G4xx_HAL_Driver/Src/stm32g4xx_hal_adc_ex.o
 .debug_abbrev  0x000017cd      0x31c ./Drivers/STM32G4xx_HAL_Driver/Src/stm32g4xx_hal_cortex.o
 .debug_abbrev  0x00001ae9      0x1e2 ./Drivers/STM32G4xx_HAL_Driver/Src/stm32g4xx_hal_dma.o
 .debug_abbrev  0x00001ccb      0x1d2 ./Drivers/STM32G4xx_HAL_Driver/Src/stm32g4xx_hal_gpio.o
 .debug_abbrev  0x00001e9d      0x22c ./Drivers/STM32G4xx_HAL_Driver/Src/stm32g4xx_hal_pwr_ex.o
 .debug_abbrev  0x000020c9      0x2c9 ./Drivers/STM32G4xx_HAL_Driver/Src/stm32g4xx_hal_rcc.o
 .debug_abbrev  0x00002392      0x261 ./Drivers/STM32G4xx_HAL_Driver/Src/stm32g4xx_hal_rcc_ex.o
 .debug_abbrev  0x000025f3      0x2a7 ./Drivers/STM32G4xx_HAL_Driver/Src/stm32g4xx_hal_tim.o
 .debug_abbrev  0x0000289a      0x2c5 ./Drivers/STM32G4xx_HAL_Driver/Src/stm32g4xx_hal_tim_ex.o

.debug_aranges  0x00000000     0x1230
 .debug_aranges
                0x00000000       0x30 ./Core/Src/adc.o
 .debug_aranges
                0x00000030       0x20 ./Core/Src/dma.o
 .debug_aranges
                0x00000050       0x20 ./Core/Src/gpio.o
 .debug_aranges
                0x00000070       0x40 ./Core/Src/main.o
 .debug_aranges
                0x000000b0       0x38 ./Core/Src/motor.o
 .debug_aranges
                0x000000e8       0x20 ./Core/Src/stm32g4xx_hal_msp.o
 .debug_aranges
                0x00000108       0x78 ./Core/Src/stm32g4xx_it.o
 .debug_aranges
                0x00000180       0x28 ./Core/Src/system_stm32g4xx.o
 .debug_aranges
                0x000001a8       0x58 ./Core/Src/tim.o
 .debug_aranges
                0x00000200       0x28 ./Core/Startup/startup_stm32g474retx.o
 .debug_aranges
                0x00000228      0x148 ./Drivers/STM32G4xx_HAL_Driver/Src/stm32g4xx_hal.o
 .debug_aranges
                0x00000370      0x248 ./Drivers/STM32G4xx_HAL_Driver/Src/stm32g4xx_hal_adc.o
 .debug_aranges
                0x000005b8      0x1c0 ./Drivers/STM32G4xx_HAL_Driver/Src/stm32g4xx_hal_adc_ex.o
 .debug_aranges
                0x00000778      0x128 ./Drivers/STM32G4xx_HAL_Driver/Src/stm32g4xx_hal_cortex.o
 .debug_aranges
                0x000008a0       0x90 ./Drivers/STM32G4xx_HAL_Driver/Src/stm32g4xx_hal_dma.o
 .debug_aranges
                0x00000930       0x58 ./Drivers/STM32G4xx_HAL_Driver/Src/stm32g4xx_hal_gpio.o
 .debug_aranges
                0x00000988      0x140 ./Drivers/STM32G4xx_HAL_Driver/Src/stm32g4xx_hal_pwr_ex.o
 .debug_aranges
                0x00000ac8       0x98 ./Drivers/STM32G4xx_HAL_Driver/Src/stm32g4xx_hal_rcc.o
 .debug_aranges
                0x00000b60       0xb0 ./Drivers/STM32G4xx_HAL_Driver/Src/stm32g4xx_hal_rcc_ex.o
 .debug_aranges
                0x00000c10      0x3e0 ./Drivers/STM32G4xx_HAL_Driver/Src/stm32g4xx_hal_tim.o
 .debug_aranges
                0x00000ff0      0x240 ./Drivers/STM32G4xx_HAL_Driver/Src/stm32g4xx_hal_tim_ex.o

.debug_rnglists
                0x00000000      0xdf4
 .debug_rnglists
                0x00000000       0x21 ./Core/Src/adc.o
 .debug_rnglists
                0x00000021       0x13 ./Core/Src/dma.o
 .debug_rnglists
                0x00000034       0x14 ./Core/Src/gpio.o
 .debug_rnglists
                0x00000048       0x2f ./Core/Src/main.o
 .debug_rnglists
                0x00000077       0x27 ./Core/Src/motor.o
 .debug_rnglists
                0x0000009e       0x13 ./Core/Src/stm32g4xx_hal_msp.o
 .debug_rnglists
                0x000000b1       0x55 ./Core/Src/stm32g4xx_it.o
 .debug_rnglists
                0x00000106       0x1a ./Core/Src/system_stm32g4xx.o
 .debug_rnglists
                0x00000120       0x40 ./Core/Src/tim.o
 .debug_rnglists
                0x00000160       0x19 ./Core/Startup/startup_stm32g474retx.o
 .debug_rnglists
                0x00000179       0xf1 ./Drivers/STM32G4xx_HAL_Driver/Src/stm32g4xx_hal.o
 .debug_rnglists
                0x0000026a      0x1c0 ./Drivers/STM32G4xx_HAL_Driver/Src/stm32g4xx_hal_adc.o
 .debug_rnglists
                0x0000042a      0x15a ./Drivers/STM32G4xx_HAL_Driver/Src/stm32g4xx_hal_adc_ex.o
 .debug_rnglists
                0x00000584       0xda ./Drivers/STM32G4xx_HAL_Driver/Src/stm32g4xx_hal_cortex.o
 .debug_rnglists
                0x0000065e       0x72 ./Drivers/STM32G4xx_HAL_Driver/Src/stm32g4xx_hal_dma.o
 .debug_rnglists
                0x000006d0       0x3f ./Drivers/STM32G4xx_HAL_Driver/Src/stm32g4xx_hal_gpio.o
 .debug_rnglists
                0x0000070f       0xf1 ./Drivers/STM32G4xx_HAL_Driver/Src/stm32g4xx_hal_pwr_ex.o
 .debug_rnglists
                0x00000800       0x74 ./Drivers/STM32G4xx_HAL_Driver/Src/stm32g4xx_hal_rcc.o
 .debug_rnglists
                0x00000874       0x87 ./Drivers/STM32G4xx_HAL_Driver/Src/stm32g4xx_hal_rcc_ex.o
 .debug_rnglists
                0x000008fb      0x32d ./Drivers/STM32G4xx_HAL_Driver/Src/stm32g4xx_hal_tim.o
 .debug_rnglists
                0x00000c28      0x1cc ./Drivers/STM32G4xx_HAL_Driver/Src/stm32g4xx_hal_tim_ex.o

.debug_macro    0x00000000    0x28e16
 .debug_macro   0x00000000      0x22b ./Core/Src/adc.o
 .debug_macro   0x0000022b      0xade ./Core/Src/adc.o
 .debug_macro   0x00000d09      0x161 ./Core/Src/adc.o
 .debug_macro   0x00000e6a       0x2e ./Core/Src/adc.o
 .debug_macro   0x00000e98       0x28 ./Core/Src/adc.o
 .debug_macro   0x00000ec0       0x22 ./Core/Src/adc.o
 .debug_macro   0x00000ee2       0x8e ./Core/Src/adc.o
 .debug_macro   0x00000f70       0x51 ./Core/Src/adc.o
 .debug_macro   0x00000fc1      0x103 ./Core/Src/adc.o
 .debug_macro   0x000010c4       0x6a ./Core/Src/adc.o
 .debug_macro   0x0000112e      0x1df ./Core/Src/adc.o
 .debug_macro   0x0000130d       0x1c ./Core/Src/adc.o
 .debug_macro   0x00001329       0x22 ./Core/Src/adc.o
 .debug_macro   0x0000134b       0xfb ./Core/Src/adc.o
 .debug_macro   0x00001446     0x1011 ./Core/Src/adc.o
 .debug_macro   0x00002457      0x11f ./Core/Src/adc.o
 .debug_macro   0x00002576    0x18b8c ./Core/Src/adc.o
 .debug_macro   0x0001b102       0x6d ./Core/Src/adc.o
 .debug_macro   0x0001b16f     0x3558 ./Core/Src/adc.o
 .debug_macro   0x0001e6c7      0x190 ./Core/Src/adc.o
 .debug_macro   0x0001e857       0x5c ./Core/Src/adc.o
 .debug_macro   0x0001e8b3     0x171f ./Core/Src/adc.o
 .debug_macro   0x0001ffd2      0x600 ./Core/Src/adc.o
 .debug_macro   0x000205d2      0x1b6 ./Core/Src/adc.o
 .debug_macro   0x00020788      0x34a ./Core/Src/adc.o
 .debug_macro   0x00020ad2      0x53c ./Core/Src/adc.o
 .debug_macro   0x0002100e      0x18b ./Core/Src/adc.o
 .debug_macro   0x00021199       0x43 ./Core/Src/adc.o
 .debug_macro   0x000211dc      0x23d ./Core/Src/adc.o
 .debug_macro   0x00021419     0x1111 ./Core/Src/adc.o
 .debug_macro   0x0002252a      0x72e ./Core/Src/adc.o
 .debug_macro   0x00022c58      0x391 ./Core/Src/adc.o
 .debug_macro   0x00022fe9      0x211 ./Core/Src/adc.o
 .debug_macro   0x000231fa      0x45c ./Core/Src/adc.o
 .debug_macro   0x00023656      0x11c ./Core/Src/adc.o
 .debug_macro   0x00023772      0x122 ./Core/Src/adc.o
 .debug_macro   0x00023894      0x3d1 ./Core/Src/adc.o
 .debug_macro   0x00023c65      0xc0b ./Core/Src/adc.o
 .debug_macro   0x00024870      0x718 ./Core/Src/adc.o
 .debug_macro   0x00024f88      0x693 ./Core/Src/adc.o
 .debug_macro   0x0002561b       0xa6 ./Core/Src/adc.o
 .debug_macro   0x000256c1      0x358 ./Core/Src/adc.o
 .debug_macro   0x00025a19       0x52 ./Core/Src/adc.o
 .debug_macro   0x00025a6b       0x22 ./Core/Src/adc.o
 .debug_macro   0x00025a8d       0x97 ./Core/Src/adc.o
 .debug_macro   0x00025b24       0x7c ./Core/Src/adc.o
 .debug_macro   0x00025ba0      0x22b ./Core/Src/dma.o
 .debug_macro   0x00025dcb      0x22b ./Core/Src/gpio.o
 .debug_macro   0x00025ff6      0x336 ./Core/Src/main.o
 .debug_macro   0x0002632c       0x61 ./Core/Src/main.o
 .debug_macro   0x0002638d       0x2a ./Core/Src/main.o
 .debug_macro   0x000263b7       0x43 ./Core/Src/main.o
 .debug_macro   0x000263fa       0x34 ./Core/Src/main.o
 .debug_macro   0x0002642e      0x364 ./Core/Src/main.o
 .debug_macro   0x00026792       0x16 ./Core/Src/main.o
 .debug_macro   0x000267a8       0x4a ./Core/Src/main.o
 .debug_macro   0x000267f2       0x34 ./Core/Src/main.o
 .debug_macro   0x00026826       0x10 ./Core/Src/main.o
 .debug_macro   0x00026836       0x58 ./Core/Src/main.o
 .debug_macro   0x0002688e       0x8e ./Core/Src/main.o
 .debug_macro   0x0002691c       0x1c ./Core/Src/main.o
 .debug_macro   0x00026938      0x17e ./Core/Src/main.o
 .debug_macro   0x00026ab6      0x19b ./Core/Src/main.o
 .debug_macro   0x00026c51      0x2e0 ./Core/Src/motor.o
 .debug_macro   0x00026f31      0x221 ./Core/Src/stm32g4xx_hal_msp.o
 .debug_macro   0x00027152      0x22b ./Core/Src/stm32g4xx_it.o
 .debug_macro   0x0002737d      0x1f1 ./Core/Src/system_stm32g4xx.o
 .debug_macro   0x0002756e      0x22b ./Core/Src/tim.o
 .debug_macro   0x00027799      0x23f ./Drivers/STM32G4xx_HAL_Driver/Src/stm32g4xx_hal.o
 .debug_macro   0x000279d8      0x20e ./Drivers/STM32G4xx_HAL_Driver/Src/stm32g4xx_hal_adc.o
 .debug_macro   0x00027be6      0x1fd ./Drivers/STM32G4xx_HAL_Driver/Src/stm32g4xx_hal_adc_ex.o
 .debug_macro   0x00027de3      0x1f1 ./Drivers/STM32G4xx_HAL_Driver/Src/stm32g4xx_hal_cortex.o
 .debug_macro   0x00027fd4      0x1f1 ./Drivers/STM32G4xx_HAL_Driver/Src/stm32g4xx_hal_dma.o
 .debug_macro   0x000281c5      0x1f8 ./Drivers/STM32G4xx_HAL_Driver/Src/stm32g4xx_hal_gpio.o
 .debug_macro   0x000283bd      0x21b ./Drivers/STM32G4xx_HAL_Driver/Src/stm32g4xx_hal_pwr_ex.o
 .debug_macro   0x000285d8      0x233 ./Drivers/STM32G4xx_HAL_Driver/Src/stm32g4xx_hal_rcc.o
 .debug_macro   0x0002880b      0x21b ./Drivers/STM32G4xx_HAL_Driver/Src/stm32g4xx_hal_rcc_ex.o
 .debug_macro   0x00028a26      0x1f9 ./Drivers/STM32G4xx_HAL_Driver/Src/stm32g4xx_hal_tim.o
 .debug_macro   0x00028c1f      0x1f7 ./Drivers/STM32G4xx_HAL_Driver/Src/stm32g4xx_hal_tim_ex.o

.debug_line     0x00000000    0x15811
 .debug_line    0x00000000      0x90c ./Core/Src/adc.o
 .debug_line    0x0000090c      0x816 ./Core/Src/dma.o
 .debug_line    0x00001122      0x839 ./Core/Src/gpio.o
 .debug_line    0x0000195b      0xa8e ./Core/Src/main.o
 .debug_line    0x000023e9      0xa8f ./Core/Src/motor.o
 .debug_line    0x00002e78      0x81a ./Core/Src/stm32g4xx_hal_msp.o
 .debug_line    0x00003692      0x910 ./Core/Src/stm32g4xx_it.o
 .debug_line    0x00003fa2      0x819 ./Core/Src/system_stm32g4xx.o
 .debug_line    0x000047bb      0xa40 ./Core/Src/tim.o
 .debug_line    0x000051fb       0x7b ./Core/Startup/startup_stm32g474retx.o
 .debug_line    0x00005276      0xbe8 ./Drivers/STM32G4xx_HAL_Driver/Src/stm32g4xx_hal.o
 .debug_line    0x00005e5e     0x22be ./Drivers/STM32G4xx_HAL_Driver/Src/stm32g4xx_hal_adc.o
 .debug_line    0x0000811c     0x1c32 ./Drivers/STM32G4xx_HAL_Driver/Src/stm32g4xx_hal_adc_ex.o
 .debug_line    0x00009d4e      0xd4a ./Drivers/STM32G4xx_HAL_Driver/Src/stm32g4xx_hal_cortex.o
 .debug_line    0x0000aa98      0xefa ./Drivers/STM32G4xx_HAL_Driver/Src/stm32g4xx_hal_dma.o
 .debug_line    0x0000b992      0xbd1 ./Drivers/STM32G4xx_HAL_Driver/Src/stm32g4xx_hal_gpio.o
 .debug_line    0x0000c563      0xd44 ./Drivers/STM32G4xx_HAL_Driver/Src/stm32g4xx_hal_pwr_ex.o
 .debug_line    0x0000d2a7     0x1068 ./Drivers/STM32G4xx_HAL_Driver/Src/stm32g4xx_hal_rcc.o
 .debug_line    0x0000e30f     0x12de ./Drivers/STM32G4xx_HAL_Driver/Src/stm32g4xx_hal_rcc_ex.o
 .debug_line    0x0000f5ed     0x4138 ./Drivers/STM32G4xx_HAL_Driver/Src/stm32g4xx_hal_tim.o
 .debug_line    0x00013725     0x20ec ./Drivers/STM32G4xx_HAL_Driver/Src/stm32g4xx_hal_tim_ex.o

.debug_str      0x00000000   0x1120d2
 .debug_str     0x00000000   0x1120d2 ./Core/Src/adc.o
                             0x109e30 (size before relaxing)
 .debug_str     0x001120d2   0x1094aa ./Core/Src/dma.o
 .debug_str     0x001120d2   0x108f30 ./Core/Src/gpio.o
 .debug_str     0x001120d2   0x10d44f ./Core/Src/main.o
 .debug_str     0x001120d2   0x10cd8b ./Core/Src/motor.o
 .debug_str     0x001120d2   0x108e74 ./Core/Src/stm32g4xx_hal_msp.o
 .debug_str     0x001120d2   0x10971c ./Core/Src/stm32g4xx_it.o
 .debug_str     0x001120d2   0x10876e ./Core/Src/system_stm32g4xx.o
 .debug_str     0x001120d2   0x109fbb ./Core/Src/tim.o
 .debug_str     0x001120d2       0x8a ./Core/Startup/startup_stm32g474retx.o
 .debug_str     0x001120d2   0x109480 ./Drivers/STM32G4xx_HAL_Driver/Src/stm32g4xx_hal.o
 .debug_str     0x001120d2   0x10979b ./Drivers/STM32G4xx_HAL_Driver/Src/stm32g4xx_hal_adc.o
 .debug_str     0x001120d2   0x109741 ./Drivers/STM32G4xx_HAL_Driver/Src/stm32g4xx_hal_adc_ex.o
 .debug_str     0x001120d2   0x10913c ./Drivers/STM32G4xx_HAL_Driver/Src/stm32g4xx_hal_cortex.o
 .debug_str     0x001120d2   0x108b48 ./Drivers/STM32G4xx_HAL_Driver/Src/stm32g4xx_hal_dma.o
 .debug_str     0x001120d2   0x1088f9 ./Drivers/STM32G4xx_HAL_Driver/Src/stm32g4xx_hal_gpio.o
 .debug_str     0x001120d2   0x108c5c ./Drivers/STM32G4xx_HAL_Driver/Src/stm32g4xx_hal_pwr_ex.o
 .debug_str     0x001120d2   0x108e8d ./Drivers/STM32G4xx_HAL_Driver/Src/stm32g4xx_hal_rcc.o
 .debug_str     0x001120d2   0x108eb7 ./Drivers/STM32G4xx_HAL_Driver/Src/stm32g4xx_hal_rcc_ex.o
 .debug_str     0x001120d2   0x109c6c ./Drivers/STM32G4xx_HAL_Driver/Src/stm32g4xx_hal_tim.o
 .debug_str     0x001120d2   0x1098e0 ./Drivers/STM32G4xx_HAL_Driver/Src/stm32g4xx_hal_tim_ex.o

.comment        0x00000000       0x43
 .comment       0x00000000       0x43 ./Core/Src/adc.o
                                 0x44 (size before relaxing)
 .comment       0x00000043       0x44 ./Core/Src/dma.o
 .comment       0x00000043       0x44 ./Core/Src/gpio.o
 .comment       0x00000043       0x44 ./Core/Src/main.o
 .comment       0x00000043       0x44 ./Core/Src/motor.o
 .comment       0x00000043       0x44 ./Core/Src/stm32g4xx_hal_msp.o
 .comment       0x00000043       0x44 ./Core/Src/stm32g4xx_it.o
 .comment       0x00000043       0x44 ./Core/Src/system_stm32g4xx.o
 .comment       0x00000043       0x44 ./Core/Src/tim.o
 .comment       0x00000043       0x44 ./Drivers/STM32G4xx_HAL_Driver/Src/stm32g4xx_hal.o
 .comment       0x00000043       0x44 ./Drivers/STM32G4xx_HAL_Driver/Src/stm32g4xx_hal_adc.o
 .comment       0x00000043       0x44 ./Drivers/STM32G4xx_HAL_Driver/Src/stm32g4xx_hal_adc_ex.o
 .comment       0x00000043       0x44 ./Drivers/STM32G4xx_HAL_Driver/Src/stm32g4xx_hal_cortex.o
 .comment       0x00000043       0x44 ./Drivers/STM32G4xx_HAL_Driver/Src/stm32g4xx_hal_dma.o
 .comment       0x00000043       0x44 ./Drivers/STM32G4xx_HAL_Driver/Src/stm32g4xx_hal_gpio.o
 .comment       0x00000043       0x44 ./Drivers/STM32G4xx_HAL_Driver/Src/stm32g4xx_hal_pwr_ex.o
 .comment       0x00000043       0x44 ./Drivers/STM32G4xx_HAL_Driver/Src/stm32g4xx_hal_rcc.o
 .comment       0x00000043       0x44 ./Drivers/STM32G4xx_HAL_Driver/Src/stm32g4xx_hal_rcc_ex.o
 .comment       0x00000043       0x44 ./Drivers/STM32G4xx_HAL_Driver/Src/stm32g4xx_hal_tim.o
 .comment       0x00000043       0x44 ./Drivers/STM32G4xx_HAL_Driver/Src/stm32g4xx_hal_tim_ex.o

.debug_frame    0x00000000     0x47b4
 .debug_frame   0x00000000       0x80 ./Core/Src/adc.o
 .debug_frame   0x00000080       0x34 ./Core/Src/dma.o
 .debug_frame   0x000000b4       0x34 ./Core/Src/gpio.o
 .debug_frame   0x000000e8       0xb4 ./Core/Src/main.o
 .debug_frame   0x0000019c       0xa0 ./Core/Src/motor.o
 .debug_frame   0x0000023c       0x34 ./Core/Src/stm32g4xx_hal_msp.o
 .debug_frame   0x00000270      0x14c ./Core/Src/stm32g4xx_it.o
 .debug_frame   0x000003bc       0x50 ./Core/Src/system_stm32g4xx.o
 .debug_frame   0x0000040c      0x130 ./Core/Src/tim.o
 .debug_frame   0x0000053c      0x480 ./Drivers/STM32G4xx_HAL_Driver/Src/stm32g4xx_hal.o
 .debug_frame   0x000009bc      0xa00 ./Drivers/STM32G4xx_HAL_Driver/Src/stm32g4xx_hal_adc.o
 .debug_frame   0x000013bc      0x798 ./Drivers/STM32G4xx_HAL_Driver/Src/stm32g4xx_hal_adc_ex.o
 .debug_frame   0x00001b54      0x49c ./Drivers/STM32G4xx_HAL_Driver/Src/stm32g4xx_hal_cortex.o
 .debug_frame   0x00001ff0      0x22c ./Drivers/STM32G4xx_HAL_Driver/Src/stm32g4xx_hal_dma.o
 .debug_frame   0x0000221c      0x130 ./Drivers/STM32G4xx_HAL_Driver/Src/stm32g4xx_hal_gpio.o
 .debug_frame   0x0000234c      0x46c ./Drivers/STM32G4xx_HAL_Driver/Src/stm32g4xx_hal_pwr_ex.o
 .debug_frame   0x000027b8      0x218 ./Drivers/STM32G4xx_HAL_Driver/Src/stm32g4xx_hal_rcc.o
 .debug_frame   0x000029d0      0x27c ./Drivers/STM32G4xx_HAL_Driver/Src/stm32g4xx_hal_rcc_ex.o
 .debug_frame   0x00002c4c     0x1148 ./Drivers/STM32G4xx_HAL_Driver/Src/stm32g4xx_hal_tim.o
 .debug_frame   0x00003d94      0x9d4 ./Drivers/STM32G4xx_HAL_Driver/Src/stm32g4xx_hal_tim_ex.o
 .debug_frame   0x00004768       0x20 C:/ST/STM32CubeIDE_2.1.0/STM32CubeIDE/plugins/com.st.stm32cube.ide.mcu.externaltools.gnu-tools-for-stm32.14.3.rel1.win32_1.0.100.202602081740/tools/bin/../lib/gcc/arm-none-eabi/14.3.1/../../../../arm-none-eabi/lib/thumb/v7e-m+fp/hard\libc_nano.a(libc_a-memset.o)
 .debug_frame   0x00004788       0x2c C:/ST/STM32CubeIDE_2.1.0/STM32CubeIDE/plugins/com.st.stm32cube.ide.mcu.externaltools.gnu-tools-for-stm32.14.3.rel1.win32_1.0.100.202602081740/tools/bin/../lib/gcc/arm-none-eabi/14.3.1/../../../../arm-none-eabi/lib/thumb/v7e-m+fp/hard\libc_nano.a(libc_a-init.o)

.debug_line_str
                0x00000000       0x6e
 .debug_line_str
                0x00000000       0x6e ./Core/Startup/startup_stm32g474retx.o
