Archive member included to satisfy reference by file (symbol)

C:/ST/STM32CubeIDE_2.1.0/STM32CubeIDE/plugins/com.st.stm32cube.ide.mcu.externaltools.gnu-tools-for-stm32.14.3.rel1.win32_1.0.100.202602081740/tools/bin/../lib/gcc/arm-none-eabi/14.3.1/../../../../arm-none-eabi/lib/thumb/v7e-m+fp/hard\libc_nano.a(libc_a-exit.o)
                              C:/ST/STM32CubeIDE_2.1.0/STM32CubeIDE/plugins/com.st.stm32cube.ide.mcu.externaltools.gnu-tools-for-stm32.14.3.rel1.win32_1.0.100.202602081740/tools/bin/../lib/gcc/arm-none-eabi/14.3.1/../../../../arm-none-eabi/lib/thumb/v7e-m+fp/hard/crt0.o (exit)
C:/ST/STM32CubeIDE_2.1.0/STM32CubeIDE/plugins/com.st.stm32cube.ide.mcu.externaltools.gnu-tools-for-stm32.14.3.rel1.win32_1.0.100.202602081740/tools/bin/../lib/gcc/arm-none-eabi/14.3.1/../../../../arm-none-eabi/lib/thumb/v7e-m+fp/hard\libc_nano.a(libc_a-findfp.o)
                              C:/ST/STM32CubeIDE_2.1.0/STM32CubeIDE/plugins/com.st.stm32cube.ide.mcu.externaltools.gnu-tools-for-stm32.14.3.rel1.win32_1.0.100.202602081740/tools/bin/../lib/gcc/arm-none-eabi/14.3.1/../../../../arm-none-eabi/lib/thumb/v7e-m+fp/hard\libc_nano.a(libc_a-exit.o) (__stdio_exit_handler)
C:/ST/STM32CubeIDE_2.1.0/STM32CubeIDE/plugins/com.st.stm32cube.ide.mcu.externaltools.gnu-tools-for-stm32.14.3.rel1.win32_1.0.100.202602081740/tools/bin/../lib/gcc/arm-none-eabi/14.3.1/../../../../arm-none-eabi/lib/thumb/v7e-m+fp/hard\libc_nano.a(libc_a-fwalk.o)
                              C:/ST/STM32CubeIDE_2.1.0/STM32CubeIDE/plugins/com.st.stm32cube.ide.mcu.externaltools.gnu-tools-for-stm32.14.3.rel1.win32_1.0.100.202602081740/tools/bin/../lib/gcc/arm-none-eabi/14.3.1/../../../../arm-none-eabi/lib/thumb/v7e-m+fp/hard\libc_nano.a(libc_a-findfp.o) (_fwalk_sglue)
C:/ST/STM32CubeIDE_2.1.0/STM32CubeIDE/plugins/com.st.stm32cube.ide.mcu.externaltools.gnu-tools-for-stm32.14.3.rel1.win32_1.0.100.202602081740/tools/bin/../lib/gcc/arm-none-eabi/14.3.1/../../../../arm-none-eabi/lib/thumb/v7e-m+fp/hard\libc_nano.a(libc_a-stdio.o)
                              C:/ST/STM32CubeIDE_2.1.0/STM32CubeIDE/plugins/com.st.stm32cube.ide.mcu.externaltools.gnu-tools-for-stm32.14.3.rel1.win32_1.0.100.202602081740/tools/bin/../lib/gcc/arm-none-eabi/14.3.1/../../../../arm-none-eabi/lib/thumb/v7e-m+fp/hard\libc_nano.a(libc_a-findfp.o) (__sread)
C:/ST/STM32CubeIDE_2.1.0/STM32CubeIDE/plugins/com.st.stm32cube.ide.mcu.externaltools.gnu-tools-for-stm32.14.3.rel1.win32_1.0.100.202602081740/tools/bin/../lib/gcc/arm-none-eabi/14.3.1/../../../../arm-none-eabi/lib/thumb/v7e-m+fp/hard\libc_nano.a(libc_a-memset.o)
                              C:/ST/STM32CubeIDE_2.1.0/STM32CubeIDE/plugins/com.st.stm32cube.ide.mcu.externaltools.gnu-tools-for-stm32.14.3.rel1.win32_1.0.100.202602081740/tools/bin/../lib/gcc/arm-none-eabi/14.3.1/../../../../arm-none-eabi/lib/thumb/v7e-m+fp/hard/crt0.o (memset)
C:/ST/STM32CubeIDE_2.1.0/STM32CubeIDE/plugins/com.st.stm32cube.ide.mcu.externaltools.gnu-tools-for-stm32.14.3.rel1.win32_1.0.100.202602081740/tools/bin/../lib/gcc/arm-none-eabi/14.3.1/../../../../arm-none-eabi/lib/thumb/v7e-m+fp/hard\libc_nano.a(libc_a-closer.o)
                              C:/ST/STM32CubeIDE_2.1.0/STM32CubeIDE/plugins/com.st.stm32cube.ide.mcu.externaltools.gnu-tools-for-stm32.14.3.rel1.win32_1.0.100.202602081740/tools/bin/../lib/gcc/arm-none-eabi/14.3.1/../../../../arm-none-eabi/lib/thumb/v7e-m+fp/hard\libc_nano.a(libc_a-stdio.o) (_close_r)
C:/ST/STM32CubeIDE_2.1.0/STM32CubeIDE/plugins/com.st.stm32cube.ide.mcu.externaltools.gnu-tools-for-stm32.14.3.rel1.win32_1.0.100.202602081740/tools/bin/../lib/gcc/arm-none-eabi/14.3.1/../../../../arm-none-eabi/lib/thumb/v7e-m+fp/hard\libc_nano.a(libc_a-reent.o)
                              C:/ST/STM32CubeIDE_2.1.0/STM32CubeIDE/plugins/com.st.stm32cube.ide.mcu.externaltools.gnu-tools-for-stm32.14.3.rel1.win32_1.0.100.202602081740/tools/bin/../lib/gcc/arm-none-eabi/14.3.1/../../../../arm-none-eabi/lib/thumb/v7e-m+fp/hard\libc_nano.a(libc_a-closer.o) (errno)
C:/ST/STM32CubeIDE_2.1.0/STM32CubeIDE/plugins/com.st.stm32cube.ide.mcu.externaltools.gnu-tools-for-stm32.14.3.rel1.win32_1.0.100.202602081740/tools/bin/../lib/gcc/arm-none-eabi/14.3.1/../../../../arm-none-eabi/lib/thumb/v7e-m+fp/hard\libc_nano.a(libc_a-impure.o)
                              C:/ST/STM32CubeIDE_2.1.0/STM32CubeIDE/plugins/com.st.stm32cube.ide.mcu.externaltools.gnu-tools-for-stm32.14.3.rel1.win32_1.0.100.202602081740/tools/bin/../lib/gcc/arm-none-eabi/14.3.1/../../../../arm-none-eabi/lib/thumb/v7e-m+fp/hard\libc_nano.a(libc_a-reent.o) (_impure_ptr)
C:/ST/STM32CubeIDE_2.1.0/STM32CubeIDE/plugins/com.st.stm32cube.ide.mcu.externaltools.gnu-tools-for-stm32.14.3.rel1.win32_1.0.100.202602081740/tools/bin/../lib/gcc/arm-none-eabi/14.3.1/../../../../arm-none-eabi/lib/thumb/v7e-m+fp/hard\libc_nano.a(libc_a-lseekr.o)
[...]
Memory Configuration

Name             Origin             Length             Attributes
RAM              0x20000000         0x00020000         xrw
FLASH            0x08000000         0x00080000         xr
*default*        0x00000000         0xffffffff

Linker script and memory map

LOAD C:/ST/STM32CubeIDE_2.1.0/STM32CubeIDE/plugins/com.st.stm32cube.ide.mcu.externaltools.gnu-tools-for-stm32.14.3.rel1.win32_1.0.100.202602081740/tools/bin/../lib/gcc/arm-none-eabi/14.3.1/thumb/v7e-m+fp/hard/crti.o
LOAD C:/ST/STM32CubeIDE_2.1.0/STM32CubeIDE/plugins/com.st.stm32cube.ide.mcu.externaltools.gnu-tools-for-stm32.14.3.rel1.win32_1.0.100.202602081740/tools/bin/../lib/gcc/arm-none-eabi/14.3.1/thumb/v7e-m+fp/hard/crtbegin.o
LOAD C:/ST/STM32CubeIDE_2.1.0/STM32CubeIDE/plugins/com.st.stm32cube.ide.mcu.externaltools.gnu-tools-for-stm32.14.3.rel1.win32_1.0.100.202602081740/tools/bin/../lib/gcc/arm-none-eabi/14.3.1/../../../../arm-none-eabi/lib/thumb/v7e-m+fp/hard/crt0.o
LOAD ./Core/Src/adc.o
LOAD ./Core/Src/dma.o
LOAD ./Core/Src/gpio.o
LOAD ./Core/Src/main.o
LOAD ./Core/Src/motor.o
LOAD ./Core/Src/stm32g4xx_hal_msp.o
LOAD ./Core/Src/stm32g4xx_it.o
LOAD ./Core/Src/syscalls.o
LOAD ./Core/Src/sysmem.o
LOAD ./Core/Src/system_stm32g4xx.o
LOAD ./Core/Src/tim.o
LOAD ./Core/Startup/startup_stm32g474retx.o
LOAD ./Drivers/BSP/STM32G4xx_Nucleo/stm32g4xx_nucleo.o
LOAD ./Drivers/STM32G4xx_HAL_Driver/Src/stm32g4xx_hal.o
LOAD ./Drivers/STM32G4xx_HAL_Driver/Src/stm32g4xx_hal_adc.o
LOAD ./Drivers/STM32G4xx_HAL_Driver/Src/stm32g4xx_hal_adc_ex.o
LOAD ./Drivers/STM32G4xx_HAL_Driver/Src/stm32g4xx_hal_cortex.o
LOAD ./Drivers/STM32G4xx_HAL_Driver/Src/stm32g4xx_hal_dma.o
LOAD ./Drivers/STM32G4xx_HAL_Driver/Src/stm32g4xx_hal_dma_ex.o
LOAD ./Drivers/STM32G4xx_HAL_Driver/Src/stm32g4xx_hal_exti.o
LOAD ./Drivers/STM32G4xx_HAL_Driver/Src/stm32g4xx_hal_flash.o
LOAD ./Drivers/STM32G4xx_HAL_Driver/Src/stm32g4xx_hal_flash_ex.o
LOAD ./Drivers/STM32G4xx_HAL_Driver/Src/stm32g4xx_hal_flash_ramfunc.o
LOAD ./Drivers/STM32G4xx_HAL_Driver/Src/stm32g4xx_hal_gpio.o
LOAD ./Drivers/STM32G4xx_HAL_Driver/Src/stm32g4xx_hal_pwr.o
LOAD ./Drivers/STM32G4xx_HAL_Driver/Src/stm32g4xx_hal_pwr_ex.o
LOAD ./Drivers/STM32G4xx_HAL_Driver/Src/stm32g4xx_hal_rcc.o
LOAD ./Drivers/STM32G4xx_HAL_Driver/Src/stm32g4xx_hal_rcc_ex.o
LOAD ./Drivers/STM32G4xx_HAL_Driver/Src/stm32g4xx_hal_tim.o
LOAD ./Drivers/STM32G4xx_HAL_Driver/Src/stm32g4xx_hal_tim_ex.o
LOAD ./Drivers/STM32G4xx_HAL_Driver/Src/stm32g4xx_hal_uart.o
LOAD ./Drivers/STM32G4xx_HAL_Driver/Src/stm32g4xx_hal_uart_ex.o
LOAD ./Drivers/STM32G4xx_HAL_Driver/Src/stm32g4xx_hal_usart.o
LOAD ./Drivers/STM32G4xx_HAL_Driver/Src/stm32g4xx_hal_usart_ex.o
LOAD ./Drivers/STM32G4xx_HAL_Driver/Src/stm32g4xx_ll_adc.o
START GROUP
LOAD C:/ST/STM32CubeIDE_2.1.0/STM32CubeIDE/plugins/com.st.stm32cube.ide.mcu.externaltools.gnu-tools-for-stm32.14.3.rel1.win32_1.0.100.202602081740/tools/bin/../lib/gcc/arm-none-eabi/14.3.1/../../../../arm-none-eabi/lib/thumb/v7e-m+fp/hard\libc_nano.a
LOAD C:/ST/STM32CubeIDE_2.1.0/STM32CubeIDE/plugins/com.st.stm32cube.ide.mcu.externaltools.gnu-tools-for-stm32.14.3.rel1.win32_1.0.100.202602081740/tools/bin/../lib/gcc/arm-none-eabi/14.3.1/../../../../arm-none-eabi/lib/thumb/v7e-m+fp/hard\libm.a
END GROUP
START GROUP
LOAD C:/ST/STM32CubeIDE_2.1.0/STM32CubeIDE/plugins/com.st.stm32cube.ide.mcu.externaltools.gnu-tools-for-stm32.14.3.rel1.win32_1.0.100.202602081740/tools/bin/../lib/gcc/arm-none-eabi/14.3.1/thumb/v7e-m+fp/hard\libgcc.a
LOAD C:/ST/STM32CubeIDE_2.1.0/STM32CubeIDE/plugins/com.st.stm32cube.ide.mcu.externaltools.gnu-tools-for-stm32.14.3.rel1.win32_1.0.100.202602081740/tools/bin/../lib/gcc/arm-none-eabi/14.3.1/../../../../arm-none-eabi/lib/thumb/v7e-m+fp/hard\libc_nano.a
END GROUP
START GROUP
LOAD C:/ST/STM32CubeIDE_2.1.0/STM32CubeIDE/plugins/com.st.stm32cube.ide.mcu.externaltools.gnu-tools-for-stm32.14.3.rel1.win32_1.0.100.202602081740/tools/bin/../lib/gcc/arm-none-eabi/14.3.1/thumb/v7e-m+fp/hard\libgcc.a
LOAD C:/ST/STM32CubeIDE_2.1.0/STM32CubeIDE/plugins/com.st.stm32cube.ide.mcu.externaltools.gnu-tools-for-stm32.14.3.rel1.win32_1.0.100.202602081740/tools/bin/../lib/gcc/arm-none-eabi/14.3.1/../../../../arm-none-eabi/lib/thumb/v7e-m+fp/hard\libc_nano.a
LOAD C:/ST/STM32CubeIDE_2.1.0/STM32CubeIDE/plugins/com.st.stm32cube.ide.mcu.externaltools.gnu-tools-for-stm32.14.3.rel1.win32_1.0.100.202602081740/tools/bin/../lib/gcc/arm-none-eabi/14.3.1/../../../../arm-none-eabi/lib/thumb/v7e-m+fp/hard\libnosys.a
END GROUP
START GROUP
LOAD C:/ST/STM32CubeIDE_2.1.0/STM32CubeIDE/plugins/com.st.stm32cube.ide.mcu.externaltools.gnu-tools-for-stm32.14.3.rel1.win32_1.0.100.202602081740/tools/bin/../lib/gcc/arm-none-eabi/14.3.1/thumb/v7e-m+fp/hard\libgcc.a
LOAD C:/ST/STM32CubeIDE_2.1.0/STM32CubeIDE/plugins/com.st.stm32cube.ide.mcu.externaltools.gnu-tools-for-stm32.14.3.rel1.win32_1.0.100.202602081740/tools/bin/../lib/gcc/arm-none-eabi/14.3.1/../../../../arm-none-eabi/lib/thumb/v7e-m+fp/hard\libc_nano.a
LOAD C:/ST/STM32CubeIDE_2.1.0/STM32CubeIDE/plugins/com.st.stm32cube.ide.mcu.externaltools.gnu-tools-for-stm32.14.3.rel1.win32_1.0.100.202602081740/tools/bin/../lib/gcc/arm-none-eabi/14.3.1/../../../../arm-none-eabi/lib/thumb/v7e-m+fp/hard\libnosys.a
END GROUP
LOAD C:/ST/STM32CubeIDE_2.1.0/STM32CubeIDE/plugins/com.st.stm32cube.ide.mcu.externaltools.gnu-tools-for-stm32.14.3.rel1.win32_1.0.100.202602081740/tools/bin/../lib/gcc/arm-none-eabi/14.3.1/thumb/v7e-m+fp/hard/crtend.o
LOAD C:/ST/STM32CubeIDE_2.1.0/STM32CubeIDE/plugins/com.st.stm32cube.ide.mcu.externaltools.gnu-tools-for-stm32.14.3.rel1.win32_1.0.100.202602081740/tools/bin/../lib/gcc/arm-none-eabi/14.3.1/thumb/v7e-m+fp/hard/crtn.o
                0x20020000                        _estack = (ORIGIN (RAM) + LENGTH (RAM))
                0x00000200                        _Min_Heap_Size = 0x200
                0x00000400                        _Min_Stack_Size = 0x400

.isr_vector     0x08000000      0x1d8
                0x08000000                        . = ALIGN (0x4)
 *(.isr_vector)
 .isr_vector    0x08000000      0x1d8 ./Core/Startup/startup_stm32g474retx.o
                0x08000000                g_pfnVectors
                0x080001d8                        . = ALIGN (0x4)

.text           0x080001d8     0x5bbc
                0x080001d8                        . = ALIGN (0x4)
 *(.text)
 .text          0x080001d8       0x40 C:/ST/STM32CubeIDE_2.1.0/STM32CubeIDE/plugins/com.st.stm32cube.ide.mcu.externaltools.gnu-tools-for-stm32.14.3.rel1.win32_1.0.100.202602081740/tools/bin/../lib/gcc/arm-none-eabi/14.3.1/thumb/v7e-m+fp/hard/crtbegin.o
 .text          0x08000218      0x254 C:/ST/STM32CubeIDE_2.1.0/STM32CubeIDE/plugins/com.st.stm32cube.ide.mcu.externaltools.gnu-tools-for-stm32.14.3.rel1.win32_1.0.100.202602081740/tools/bin/../lib/gcc/arm-none-eabi/14.3.1/thumb/v7e-m+fp/hard\libgcc.a(_arm_muldf3.o)
                0x08000218                __muldf3
                0x08000218                __aeabi_dmul
 .text          0x0800046c      0x378 C:/ST/STM32CubeIDE_2.1.0/STM32CubeIDE/plugins/com.st.stm32cube.ide.mcu.externaltools.gnu-tools-for-stm32.14.3.rel1.win32_1.0.100.202602081740/tools/bin/../lib/gcc/arm-none-eabi/14.3.1/thumb/v7e-m+fp/hard\libgcc.a(_arm_addsubdf3.o)
                0x0800046c                __aeabi_drsub
                0x08000474                __aeabi_dsub
                0x08000474                __subdf3
                0x08000478                __aeabi_dadd
                0x08000478                __adddf3
                0x080006f0                __floatunsidf
                0x080006f0                __aeabi_ui2d
                0x08000710                __floatsidf
                0x08000710                __aeabi_i2d
                0x08000734                __aeabi_f2d
                0x08000734                __extendsfdf2
                0x08000778                __floatundidf
                0x08000778                __aeabi_ul2d
                0x08000788                __floatdidf
                0x08000788                __aeabi_l2d
 .text          0x080007e4       0xa0 C:/ST/STM32CubeIDE_2.1.0/STM32CubeIDE/plugins/com.st.stm32cube.ide.mcu.externaltools.gnu-tools-for-stm32.14.3.rel1.win32_1.0.100.202602081740/tools/bin/../lib/gcc/arm-none-eabi/14.3.1/thumb/v7e-m+fp/hard\libgcc.a(_arm_truncdfsf2.o)
                0x080007e4                __truncdfsf2
                0x080007e4                __aeabi_d2f
 *(.text*)
 .text.MX_ADC1_Init
                0x08000884       0xf0 ./Core/Src/adc.o
                0x08000884                MX_ADC1_Init
 .text.HAL_ADC_MspInit
                0x08000974      0x104 ./Core/Src/adc.o
                0x08000974                HAL_ADC_MspInit
 .text.MX_DMA_Init
                0x08000a78       0x54 ./Core/Src/dma.o
                0x08000a78                MX_DMA_Init
 .text.MX_GPIO_Init
                0x08000acc       0xfc ./Core/Src/gpio.o
                0x08000acc                MX_GPIO_Init
 .text.main     0x08000bc8       0x7c ./Core/Src/main.o
                0x08000bc8                main
 .text.SystemClock_Config
                0x08000c44       0x92 ./Core/Src/main.o
                0x08000c44                SystemClock_Config
 *fill*         0x08000cd6        0x2 
 .text.HAL_TIM_PeriodElapsedCallback
                0x08000cd8       0x44 ./Core/Src/main.o
                0x08000cd8                HAL_TIM_PeriodElapsedCallback
 .text.Current_Update
                0x08000d1c       0x88 ./Core/Src/main.o
                0x08000d1c                Current_Update
 *fill*         0x08000da4        0x4 
 .text.Velocity_Update
                0x08000da8       0xb0 ./Core/Src/main.o
                0x08000da8                Velocity_Update
 .text.Error_Handler
                0x08000e58        0xc ./Core/Src/main.o
                0x08000e58                Error_Handler
 .text.Motor_Init
                0x08000e64       0x52 ./Core/Src/motor.o
                0x08000e64                Motor_Init
 .text.Motor_Stop
                0x08000eb6       0x8a ./Core/Src/motor.o
                0x08000eb6                Motor_Stop
 .text.HAL_MspInit
                0x08000f40       0x48 ./Core/Src/stm32g4xx_hal_msp.o
                0x08000f40                HAL_MspInit
 .text.NMI_Handler
                0x08000f88        0x8 ./Core/Src/stm32g4xx_it.o
                0x08000f88                NMI_Handler
 .text.HardFault_Handler
                0x08000f90        0x8 ./Core/Src/stm32g4xx_it.o
                0x08000f90                HardFault_Handler
 .text.MemManage_Handler
                0x08000f98        0x8 ./Core/Src/stm32g4xx_it.o
                0x08000f98                MemManage_Handler
 .text.BusFault_Handler
                0x08000fa0        0x8 ./Core/Src/stm32g4xx_it.o
                0x08000fa0                BusFault_Handler
 .text.UsageFault_Handler
                0x08000fa8        0x8 ./Core/Src/stm32g4xx_it.o
                0x08000fa8                UsageFault_Handler
 .text.SVC_Handler
                0x08000fb0        0xe ./Core/Src/stm32g4xx_it.o
                0x08000fb0                SVC_Handler
 .text.DebugMon_Handler
                0x08000fbe        0xe ./Core/Src/stm32g4xx_it.o
                0x08000fbe                DebugMon_Handler
 .text.PendSV_Handler
                0x08000fcc        0xe ./Core/Src/stm32g4xx_it.o
                0x08000fcc                PendSV_Handler
 .text.SysTick_Handler
                0x08000fda        0xc ./Core/Src/stm32g4xx_it.o
                0x08000fda                SysTick_Handler
 *fill*         0x08000fe6        0x2 
 .text.DMA1_Channel1_IRQHandler
                0x08000fe8       0x14 ./Core/Src/stm32g4xx_it.o
                0x08000fe8                DMA1_Channel1_IRQHandler
 .text.TIM6_DAC_IRQHandler
                0x08000ffc       0x14 ./Core/Src/stm32g4xx_it.o
                0x08000ffc                TIM6_DAC_IRQHandler
 .text.SystemInit
                0x08001010       0x24 ./Core/Src/system_stm32g4xx.o
                0x08001010                SystemInit
 .text.MX_TIM3_Init
                0x08001034       0xac ./Core/Src/tim.o
                0x08001034                MX_TIM3_Init
 .text.MX_TIM6_Init
                0x080010e0       0x6c ./Core/Src/tim.o
                0x080010e0                MX_TIM6_Init
 .text.MX_TIM8_Init
                0x0800114c      0x128 ./Core/Src/tim.o
                0x0800114c                MX_TIM8_Init
 .text.HAL_TIM_Encoder_MspInit
                0x08001274       0x84 ./Core/Src/tim.o
                0x08001274                HAL_TIM_Encoder_MspInit
 .text.HAL_TIM_Base_MspInit
                0x080012f8       0x4c ./Core/Src/tim.o
                0x080012f8                HAL_TIM_Base_MspInit
 .text.HAL_TIM_PWM_MspInit
                0x08001344       0x40 ./Core/Src/tim.o
                0x08001344                HAL_TIM_PWM_MspInit
 .text.HAL_TIM_MspPostInit
                0x08001384       0x70 ./Core/Src/tim.o
                0x08001384                HAL_TIM_MspPostInit
 .text.Reset_Handler
                0x080013f4       0x50 ./Core/Startup/startup_stm32g474retx.o
                0x080013f4                Reset_Handler
 .text.Default_Handler
                0x08001444        0x2 ./Core/Startup/startup_stm32g474retx.o
                0x08001444                RTC_Alarm_IRQHandler
                0x08001444                EXTI2_IRQHandler
                0x08001444                TIM8_TRG_COM_IRQHandler
                0x08001444                TIM8_CC_IRQHandler
                0x08001444                HRTIM1_Master_IRQHandler
                0x08001444                SPI4_IRQHandler
                0x08001444                FDCAN3_IT0_IRQHandler
                0x08001444                TIM1_CC_IRQHandler
                0x08001444                HRTIM1_FLT_IRQHandler
                0x08001444                HRTIM1_TIMF_IRQHandler
                0x08001444                USB_HP_IRQHandler
                0x08001444                CORDIC_IRQHandler
                0x08001444                HRTIM1_TIMD_IRQHandler
                0x08001444                DMA2_Channel8_IRQHandler
                0x08001444                EXTI3_IRQHandler
                0x08001444                I2C3_ER_IRQHandler
                0x08001444                EXTI0_IRQHandler
                0x08001444                I2C2_EV_IRQHandler
                0x08001444                FPU_IRQHandler
                0x08001444                FDCAN1_IT1_IRQHandler
                0x08001444                TIM1_UP_TIM16_IRQHandler
                0x08001444                ADC1_2_IRQHandler
                0x08001444                HRTIM1_TIME_IRQHandler
                0x08001444                SPI1_IRQHandler
                0x08001444                HRTIM1_TIMC_IRQHandler
                0x08001444                TIM8_UP_IRQHandler
                0x08001444                DMA2_Channel2_IRQHandler
                0x08001444                DMA1_Channel4_IRQHandler
                0x08001444                TIM20_TRG_COM_IRQHandler
                0x08001444                USART3_IRQHandler
                0x08001444                DMA1_Channel7_IRQHandler
                0x08001444                UART5_IRQHandler
                0x08001444                ADC3_IRQHandler
                0x08001444                TIM4_IRQHandler
                0x08001444                DMA2_Channel1_IRQHandler
                0x08001444                QUADSPI_IRQHandler
                0x08001444                I2C1_EV_IRQHandler
                0x08001444                DMA1_Channel6_IRQHandler
                0x08001444                UART4_IRQHandler
                0x08001444                DMA2_Channel4_IRQHandler
                0x08001444                TIM3_IRQHandler
                0x08001444                RCC_IRQHandler
                0x08001444                TIM20_UP_IRQHandler
                0x08001444                Default_Handler
                0x08001444                DMA2_Channel7_IRQHandler
                0x08001444                RTC_TAMP_LSECSS_IRQHandler
                0x08001444                FMAC_IRQHandler
                0x08001444                EXTI15_10_IRQHandler
                0x08001444                DMA1_Channel8_IRQHandler
                0x08001444                HRTIM1_TIMA_IRQHandler
                0x08001444                TIM7_DAC_IRQHandler
                0x08001444                FDCAN3_IT1_IRQHandler
                0x08001444                TIM5_IRQHandler
                0x08001444                UCPD1_IRQHandler
                0x08001444                I2C3_EV_IRQHandler
                0x08001444                EXTI9_5_IRQHandler
                0x08001444                RTC_WKUP_IRQHandler
                0x08001444                PVD_PVM_IRQHandler
                0x08001444                SPI2_IRQHandler
                0x08001444                ADC5_IRQHandler
                0x08001444                DMA2_Channel5_IRQHandler
                0x08001444                CRS_IRQHandler
                0x08001444                DMA1_Channel5_IRQHandler
                0x08001444                USB_LP_IRQHandler
                0x08001444                EXTI4_IRQHandler
                0x08001444                RNG_IRQHandler
                0x08001444                HRTIM1_TIMB_IRQHandler
                0x08001444                TIM1_TRG_COM_TIM17_IRQHandler
                0x08001444                FDCAN2_IT1_IRQHandler
                0x08001444                DMA1_Channel3_IRQHandler
                0x08001444                ADC4_IRQHandler
                0x08001444                WWDG_IRQHandler
                0x08001444                I2C4_EV_IRQHandler
                0x08001444                FDCAN2_IT0_IRQHandler
                0x08001444                LPUART1_IRQHandler
                0x08001444                DMA2_Channel6_IRQHandler
                0x08001444                FDCAN1_IT0_IRQHandler
                0x08001444                TIM2_IRQHandler
                0x08001444                COMP7_IRQHandler
                0x08001444                COMP1_2_3_IRQHandler
                0x08001444                EXTI1_IRQHandler
                0x08001444                USART2_IRQHandler
                0x08001444                COMP4_5_6_IRQHandler
                0x08001444                TIM20_BRK_IRQHandler
                0x08001444                I2C2_ER_IRQHandler
                0x08001444                DMA1_Channel2_IRQHandler
                0x08001444                TIM8_BRK_IRQHandler
                0x08001444                FLASH_IRQHandler
                0x08001444                TIM20_CC_IRQHandler
                0x08001444                USART1_IRQHandler
                0x08001444                SPI3_IRQHandler
                0x08001444                I2C1_ER_IRQHandler
                0x08001444                FMC_IRQHandler
                0x08001444                LPTIM1_IRQHandler
                0x08001444                DMAMUX_OVR_IRQHandler
                0x08001444                I2C4_ER_IRQHandler
                0x08001444                USBWakeUp_IRQHandler
                0x08001444                SAI1_IRQHandler
                0x08001444                DMA2_Channel3_IRQHandler
                0x08001444                TIM1_BRK_TIM15_IRQHandler
 .text.HAL_Init
                0x08001446       0x30 ./Drivers/STM32G4xx_HAL_Driver/Src/stm32g4xx_hal.o
                0x08001446                HAL_Init
 *fill*         0x08001476        0x2 
 .text.HAL_InitTick
                0x08001478       0x74 ./Drivers/STM32G4xx_HAL_Driver/Src/stm32g4xx_hal.o
                0x08001478                HAL_InitTick
 .text.HAL_IncTick
                0x080014ec       0x24 ./Drivers/STM32G4xx_HAL_Driver/Src/stm32g4xx_hal.o
                0x080014ec                HAL_IncTick
 .text.HAL_GetTick
                0x08001510       0x18 ./Drivers/STM32G4xx_HAL_Driver/Src/stm32g4xx_hal.o
                0x08001510                HAL_GetTick
 .text.LL_ADC_SetCommonClock
                0x08001528       0x26 ./Drivers/STM32G4xx_HAL_Driver/Src/stm32g4xx_hal_adc.o
 .text.LL_ADC_SetCommonPathInternalCh
                0x0800154e       0x26 ./Drivers/STM32G4xx_HAL_Driver/Src/stm32g4xx_hal_adc.o
 .text.LL_ADC_GetCommonPathInternalCh
                0x08001574       0x1c ./Drivers/STM32G4xx_HAL_Driver/Src/stm32g4xx_hal_adc.o
 .text.LL_ADC_SetOffset
                0x08001590       0x48 ./Drivers/STM32G4xx_HAL_Driver/Src/stm32g4xx_hal_adc.o
 .text.LL_ADC_GetOffsetChannel
                0x080015d8       0x2c ./Drivers/STM32G4xx_HAL_Driver/Src/stm32g4xx_hal_adc.o
 .text.LL_ADC_SetOffsetState
                0x08001604       0x36 ./Drivers/STM32G4xx_HAL_Driver/Src/stm32g4xx_hal_adc.o
 .text.LL_ADC_SetOffsetSign
                0x0800163a       0x36 ./Drivers/STM32G4xx_HAL_Driver/Src/stm32g4xx_hal_adc.o
 .text.LL_ADC_SetOffsetSaturation
                0x08001670       0x36 ./Drivers/STM32G4xx_HAL_Driver/Src/stm32g4xx_hal_adc.o
 .text.LL_ADC_SetSamplingTimeCommonConfig
                0x080016a6       0x26 ./Drivers/STM32G4xx_HAL_Driver/Src/stm32g4xx_hal_adc.o
 .text.LL_ADC_REG_IsTriggerSourceSWStart
                0x080016cc       0x26 ./Drivers/STM32G4xx_HAL_Driver/Src/stm32g4xx_hal_adc.o
 .text.LL_ADC_REG_SetSequencerRanks
                0x080016f2       0x58 ./Drivers/STM32G4xx_HAL_Driver/Src/stm32g4xx_hal_adc.o
 .text.LL_ADC_SetChannelSamplingTime
                0x0800174a       0x56 ./Drivers/STM32G4xx_HAL_Driver/Src/stm32g4xx_hal_adc.o
 .text.LL_ADC_SetChannelSingleDiff
                0x080017a0       0x48 ./Drivers/STM32G4xx_HAL_Driver/Src/stm32g4xx_hal_adc.o
 .text.LL_ADC_GetMultimode
                0x080017e8       0x1c ./Drivers/STM32G4xx_HAL_Driver/Src/stm32g4xx_hal_adc.o
 .text.LL_ADC_DisableDeepPowerDown
                0x08001804       0x24 ./Drivers/STM32G4xx_HAL_Driver/Src/stm32g4xx_hal_adc.o
 .text.LL_ADC_IsDeepPowerDownEnabled
                0x08001828       0x28 ./Drivers/STM32G4xx_HAL_Driver/Src/stm32g4xx_hal_adc.o
 .text.LL_ADC_EnableInternalRegulator
                0x08001850       0x28 ./Drivers/STM32G4xx_HAL_Driver/Src/stm32g4xx_hal_adc.o
 .text.LL_ADC_IsInternalRegulatorEnabled
                0x08001878       0x28 ./Drivers/STM32G4xx_HAL_Driver/Src/stm32g4xx_hal_adc.o
 .text.LL_ADC_Enable
                0x080018a0       0x28 ./Drivers/STM32G4xx_HAL_Driver/Src/stm32g4xx_hal_adc.o
 .text.LL_ADC_IsEnabled
                0x080018c8       0x26 ./Drivers/STM32G4xx_HAL_Driver/Src/stm32g4xx_hal_adc.o
 .text.LL_ADC_REG_StartConversion
                0x080018ee       0x28 ./Drivers/STM32G4xx_HAL_Driver/Src/stm32g4xx_hal_adc.o
 .text.LL_ADC_REG_IsConversionOngoing
                0x08001916       0x26 ./Drivers/STM32G4xx_HAL_Driver/Src/stm32g4xx_hal_adc.o
 .text.LL_ADC_INJ_IsConversionOngoing
                0x0800193c       0x26 ./Drivers/STM32G4xx_HAL_Driver/Src/stm32g4xx_hal_adc.o
 *fill*         0x08001962        0x2 
 .text.HAL_ADC_Init
                0x08001964      0x378 ./Drivers/STM32G4xx_HAL_Driver/Src/stm32g4xx_hal_adc.o
                0x08001964                HAL_ADC_Init
 .text.HAL_ADC_Start_DMA
                0x08001cdc      0x1a8 ./Drivers/STM32G4xx_HAL_Driver/Src/stm32g4xx_hal_adc.o
                0x08001cdc                HAL_ADC_Start_DMA
 .text.HAL_ADC_ConvCpltCallback
                0x08001e84       0x14 ./Drivers/STM32G4xx_HAL_Driver/Src/stm32g4xx_hal_adc.o
                0x08001e84                HAL_ADC_ConvCpltCallback
 .text.HAL_ADC_ConvHalfCpltCallback
                0x08001e98       0x14 ./Drivers/STM32G4xx_HAL_Driver/Src/stm32g4xx_hal_adc.o
                0x08001e98                HAL_ADC_ConvHalfCpltCallback
 .text.HAL_ADC_ErrorCallback
                0x08001eac       0x14 ./Drivers/STM32G4xx_HAL_Driver/Src/stm32g4xx_hal_adc.o
                0x08001eac                HAL_ADC_ErrorCallback
 .text.HAL_ADC_ConfigChannel
                0x08001ec0      0x880 ./Drivers/STM32G4xx_HAL_Driver/Src/stm32g4xx_hal_adc.o
                0x08001ec0                HAL_ADC_ConfigChannel
 .text.ADC_Enable
                0x08002740      0x12c ./Drivers/STM32G4xx_HAL_Driver/Src/stm32g4xx_hal_adc.o
                0x08002740                ADC_Enable
 .text.ADC_DMAConvCplt
                0x0800286c       0xd8 ./Drivers/STM32G4xx_HAL_Driver/Src/stm32g4xx_hal_adc.o
                0x0800286c                ADC_DMAConvCplt
 .text.ADC_DMAHalfConvCplt
                0x08002944       0x1c ./Drivers/STM32G4xx_HAL_Driver/Src/stm32g4xx_hal_adc.o
                0x08002944                ADC_DMAHalfConvCplt
 .text.ADC_DMAError
                0x08002960       0x34 ./Drivers/STM32G4xx_HAL_Driver/Src/stm32g4xx_hal_adc.o
                0x08002960                ADC_DMAError
 .text.LL_ADC_IsEnabled
                0x08002994       0x26 ./Drivers/STM32G4xx_HAL_Driver/Src/stm32g4xx_hal_adc_ex.o
 .text.LL_ADC_REG_IsConversionOngoing
                0x080029ba       0x26 ./Drivers/STM32G4xx_HAL_Driver/Src/stm32g4xx_hal_adc_ex.o
 .text.HAL_ADCEx_MultiModeConfigChannel
                0x080029e0      0x210 ./Drivers/STM32G4xx_HAL_Driver/Src/stm32g4xx_hal_adc_ex.o
                0x080029e0                HAL_ADCEx_MultiModeConfigChannel
 .text.__NVIC_SetPriorityGrouping
                0x08002bf0       0x48 ./Drivers/STM32G4xx_HAL_Driver/Src/stm32g4xx_hal_cortex.o
 .text.__NVIC_GetPriorityGrouping
                0x08002c38       0x1c ./Drivers/STM32G4xx_HAL_Driver/Src/stm32g4xx_hal_cortex.o
 .text.__NVIC_EnableIRQ
                0x08002c54       0x3c ./Drivers/STM32G4xx_HAL_Driver/Src/stm32g4xx_hal_cortex.o
 .text.__NVIC_SetPriority
                0x08002c90       0x54 ./Drivers/STM32G4xx_HAL_Driver/Src/stm32g4xx_hal_cortex.o
 .text.NVIC_EncodePriority
                0x08002ce4       0x66 ./Drivers/STM32G4xx_HAL_Driver/Src/stm32g4xx_hal_cortex.o
 *fill*         0x08002d4a        0x2 
 .text.SysTick_Config
                0x08002d4c       0x44 ./Drivers/STM32G4xx_HAL_Driver/Src/stm32g4xx_hal_cortex.o
 .text.HAL_NVIC_SetPriorityGrouping
                0x08002d90       0x16 ./Drivers/STM32G4xx_HAL_Driver/Src/stm32g4xx_hal_cortex.o
                0x08002d90                HAL_NVIC_SetPriorityGrouping
 .text.HAL_NVIC_SetPriority
                0x08002da6       0x34 ./Drivers/STM32G4xx_HAL_Driver/Src/stm32g4xx_hal_cortex.o
                0x08002da6                HAL_NVIC_SetPriority
 .text.HAL_NVIC_EnableIRQ
                0x08002dda       0x1c ./Drivers/STM32G4xx_HAL_Driver/Src/stm32g4xx_hal_cortex.o
                0x08002dda                HAL_NVIC_EnableIRQ
 .text.HAL_SYSTICK_Config
                0x08002df6       0x18 ./Drivers/STM32G4xx_HAL_Driver/Src/stm32g4xx_hal_cortex.o
                0x08002df6                HAL_SYSTICK_Config
 *fill*         0x08002e0e        0x2 
 .text.HAL_DMA_Init
                0x08002e10      0x150 ./Drivers/STM32G4xx_HAL_Driver/Src/stm32g4xx_hal_dma.o
                0x08002e10                HAL_DMA_Init
 .text.HAL_DMA_Start_IT
                0x08002f60       0xf6 ./Drivers/STM32G4xx_HAL_Driver/Src/stm32g4xx_hal_dma.o
                0x08002f60                HAL_DMA_Start_IT
 .text.HAL_DMA_IRQHandler
                0x08003056      0x15e ./Drivers/STM32G4xx_HAL_Driver/Src/stm32g4xx_hal_dma.o
                0x08003056                HAL_DMA_IRQHandler
 .text.DMA_SetConfig
                0x080031b4       0x7c ./Drivers/STM32G4xx_HAL_Driver/Src/stm32g4xx_hal_dma.o
 .text.DMA_CalcDMAMUXChannelBaseAndMask
                0x08003230       0x90 ./Drivers/STM32G4xx_HAL_Driver/Src/stm32g4xx_hal_dma.o
 .text.DMA_CalcDMAMUXRequestGenBaseAndMask
                0x080032c0       0x4c ./Drivers/STM32G4xx_HAL_Driver/Src/stm32g4xx_hal_dma.o
 .text.HAL_GPIO_Init
                0x0800330c      0x318 ./Drivers/STM32G4xx_HAL_Driver/Src/stm32g4xx_hal_gpio.o
                0x0800330c                HAL_GPIO_Init
 .text.HAL_GPIO_WritePin
                0x08003624       0x30 ./Drivers/STM32G4xx_HAL_Driver/Src/stm32g4xx_hal_gpio.o
                0x08003624                HAL_GPIO_WritePin
 .text.HAL_PWREx_ControlVoltageScaling
                0x08003654      0x148 ./Drivers/STM32G4xx_HAL_Driver/Src/stm32g4xx_hal_pwr_ex.o
                0x08003654                HAL_PWREx_ControlVoltageScaling
 .text.HAL_PWREx_DisableUCPDDeadBattery
                0x0800379c       0x20 ./Drivers/STM32G4xx_HAL_Driver/Src/stm32g4xx_hal_pwr_ex.o
                0x0800379c                HAL_PWREx_DisableUCPDDeadBattery
 .text.HAL_RCC_OscConfig
                0x080037bc      0x624 ./Drivers/STM32G4xx_HAL_Driver/Src/stm32g4xx_hal_rcc.o
                0x080037bc                HAL_RCC_OscConfig
 .text.HAL_RCC_ClockConfig
                0x08003de0      0x278 ./Drivers/STM32G4xx_HAL_Driver/Src/stm32g4xx_hal_rcc.o
                0x08003de0                HAL_RCC_ClockConfig
 .text.HAL_RCC_GetSysClockFreq
                0x08004058       0xc4 ./Drivers/STM32G4xx_HAL_Driver/Src/stm32g4xx_hal_rcc.o
                0x08004058                HAL_RCC_GetSysClockFreq
 .text.RCC_GetSysClockFreqFromPLLSource
                0x0800411c       0x8c ./Drivers/STM32G4xx_HAL_Driver/Src/stm32g4xx_hal_rcc.o
 .text.HAL_RCCEx_PeriphCLKConfig
                0x080041a8      0x49c ./Drivers/STM32G4xx_HAL_Driver/Src/stm32g4xx_hal_rcc_ex.o
                0x080041a8                HAL_RCCEx_PeriphCLKConfig
 .text.HAL_TIM_Base_Init
                0x08004644       0xae ./Drivers/STM32G4xx_HAL_Driver/Src/stm32g4xx_hal_tim.o
                0x08004644                HAL_TIM_Base_Init
 *fill*         0x080046f2        0x2 
 .text.HAL_TIM_Base_Start_IT
                0x080046f4       0xf0 ./Drivers/STM32G4xx_HAL_Driver/Src/stm32g4xx_hal_tim.o
                0x080046f4                HAL_TIM_Base_Start_IT
 .text.HAL_TIM_PWM_Init
                0x080047e4       0xae ./Drivers/STM32G4xx_HAL_Driver/Src/stm32g4xx_hal_tim.o
                0x080047e4                HAL_TIM_PWM_Init
 *fill*         0x08004892        0x2 
 .text.HAL_TIM_PWM_Start
                0x08004894      0x224 ./Drivers/STM32G4xx_HAL_Driver/Src/stm32g4xx_hal_tim.o
                0x08004894                HAL_TIM_PWM_Start
 .text.HAL_TIM_Encoder_Init
                0x08004ab8      0x14c ./Drivers/STM32G4xx_HAL_Driver/Src/stm32g4xx_hal_tim.o
                0x08004ab8                HAL_TIM_Encoder_Init
 .text.HAL_TIM_Encoder_Start
                0x08004c04      0x11c ./Drivers/STM32G4xx_HAL_Driver/Src/stm32g4xx_hal_tim.o
                0x08004c04                HAL_TIM_Encoder_Start
 .text.HAL_TIM_IRQHandler
                0x08004d20      0x29e ./Drivers/STM32G4xx_HAL_Driver/Src/stm32g4xx_hal_tim.o
                0x08004d20                HAL_TIM_IRQHandler
 *fill*         0x08004fbe        0x2 
 .text.HAL_TIM_PWM_ConfigChannel
                0x08004fc0      0x228 ./Drivers/STM32G4xx_HAL_Driver/Src/stm32g4xx_hal_tim.o
                0x08004fc0                HAL_TIM_PWM_ConfigChannel
 .text.HAL_TIM_OC_DelayElapsedCallback
                0x080051e8       0x14 ./Drivers/STM32G4xx_HAL_Driver/Src/stm32g4xx_hal_tim.o
                0x080051e8                HAL_TIM_OC_DelayElapsedCallback
 .text.HAL_TIM_IC_CaptureCallback
                0x080051fc       0x14 ./Drivers/STM32G4xx_HAL_Driver/Src/stm32g4xx_hal_tim.o
                0x080051fc                HAL_TIM_IC_CaptureCallback
 .text.HAL_TIM_PWM_PulseFinishedCallback
                0x08005210       0x14 ./Drivers/STM32G4xx_HAL_Driver/Src/stm32g4xx_hal_tim.o
                0x08005210                HAL_TIM_PWM_PulseFinishedCallback
 .text.HAL_TIM_TriggerCallback
                0x08005224       0x14 ./Drivers/STM32G4xx_HAL_Driver/Src/stm32g4xx_hal_tim.o
                0x08005224                HAL_TIM_TriggerCallback
 .text.TIM_Base_SetConfig
                0x08005238      0x15c ./Drivers/STM32G4xx_HAL_Driver/Src/stm32g4xx_hal_tim.o
                0x08005238                TIM_Base_SetConfig
 .text.TIM_OC1_SetConfig
                0x08005394      0x138 ./Drivers/STM32G4xx_HAL_Driver/Src/stm32g4xx_hal_tim.o
 .text.TIM_OC2_SetConfig
                0x080054cc      0x12c ./Drivers/STM32G4xx_HAL_Driver/Src/stm32g4xx_hal_tim.o
                0x080054cc                TIM_OC2_SetConfig
 .text.TIM_OC3_SetConfig
                0x080055f8      0x128 ./Drivers/STM32G4xx_HAL_Driver/Src/stm32g4xx_hal_tim.o
 .text.TIM_OC4_SetConfig
                0x08005720      0x12c ./Drivers/STM32G4xx_HAL_Driver/Src/stm32g4xx_hal_tim.o
 .text.TIM_OC5_SetConfig
                0x0800584c       0xd4 ./Drivers/STM32G4xx_HAL_Driver/Src/stm32g4xx_hal_tim.o
 .text.TIM_OC6_SetConfig
                0x08005920       0xd8 ./Drivers/STM32G4xx_HAL_Driver/Src/stm32g4xx_hal_tim.o
 .text.TIM_CCxChannelCmd
                0x080059f8       0x4a ./Drivers/STM32G4xx_HAL_Driver/Src/stm32g4xx_hal_tim.o
                0x080059f8                TIM_CCxChannelCmd
 *fill*         0x08005a42        0x2 
 .text.HAL_TIMEx_MasterConfigSynchronization
                0x08005a44      0x12c ./Drivers/STM32G4xx_HAL_Driver/Src/stm32g4xx_hal_tim_ex.o
                0x08005a44                HAL_TIMEx_MasterConfigSynchronization
 .text.HAL_TIMEx_ConfigBreakDeadTime
                0x08005b70      0x128 ./Drivers/STM32G4xx_HAL_Driver/Src/stm32g4xx_hal_tim_ex.o
                0x08005b70                HAL_TIMEx_ConfigBreakDeadTime
 .text.HAL_TIMEx_CommutCallback
                0x08005c98       0x14 ./Drivers/STM32G4xx_HAL_Driver/Src/stm32g4xx_hal_tim_ex.o
                0x08005c98                HAL_TIMEx_CommutCallback
 .text.HAL_TIMEx_BreakCallback
                0x08005cac       0x14 ./Drivers/STM32G4xx_HAL_Driver/Src/stm32g4xx_hal_tim_ex.o
                0x08005cac                HAL_TIMEx_BreakCallback
 .text.HAL_TIMEx_Break2Callback
                0x08005cc0       0x14 ./Drivers/STM32G4xx_HAL_Driver/Src/stm32g4xx_hal_tim_ex.o
                0x08005cc0                HAL_TIMEx_Break2Callback
 .text.HAL_TIMEx_EncoderIndexCallback
                0x08005cd4       0x14 ./Drivers/STM32G4xx_HAL_Driver/Src/stm32g4xx_hal_tim_ex.o
                0x08005cd4                HAL_TIMEx_EncoderIndexCallback
 .text.HAL_TIMEx_DirectionChangeCallback
                0x08005ce8       0x14 ./Drivers/STM32G4xx_HAL_Driver/Src/stm32g4xx_hal_tim_ex.o
                0x08005ce8                HAL_TIMEx_DirectionChangeCallback
 .text.HAL_TIMEx_IndexErrorCallback
                0x08005cfc       0x14 ./Drivers/STM32G4xx_HAL_Driver/Src/stm32g4xx_hal_tim_ex.o
                0x08005cfc                HAL_TIMEx_IndexErrorCallback
 .text.HAL_TIMEx_TransitionErrorCallback
                0x08005d10       0x14 ./Drivers/STM32G4xx_HAL_Driver/Src/stm32g4xx_hal_tim_ex.o
                0x08005d10                HAL_TIMEx_TransitionErrorCallback
 .text.memset   0x08005d24       0x10 C:/ST/STM32CubeIDE_2.1.0/STM32CubeIDE/plugins/com.st.stm32cube.ide.mcu.externaltools.gnu-tools-for-stm32.14.3.rel1.win32_1.0.100.202602081740/tools/bin/../lib/gcc/arm-none-eabi/14.3.1/../../../../arm-none-eabi/lib/thumb/v7e-m+fp/hard\libc_nano.a(libc_a-memset.o)
                0x08005d24                memset
 .text.__libc_init_array
                0x08005d34       0x48 C:/ST/STM32CubeIDE_2.1.0/STM32CubeIDE/plugins/com.st.stm32cube.ide.mcu.externaltools.gnu-tools-for-stm32.14.3.rel1.win32_1.0.100.202602081740/tools/bin/../lib/gcc/arm-none-eabi/14.3.1/../../../../arm-none-eabi/lib/thumb/v7e-m+fp/hard\libc_nano.a(libc_a-init.o)
                0x08005d34                __libc_init_array
 *(.glue_7)
 .glue_7        0x08005d7c        0x0 linker stubs
 *(.glue_7t)
 .glue_7t       0x08005d7c        0x0 linker stubs
 *(.eh_frame)
 .eh_frame      0x08005d7c        0x0 C:/ST/STM32CubeIDE_2.1.0/STM32CubeIDE/plugins/com.st.stm32cube.ide.mcu.externaltools.gnu-tools-for-stm32.14.3.rel1.win32_1.0.100.202602081740/tools/bin/../lib/gcc/arm-none-eabi/14.3.1/thumb/v7e-m+fp/hard/crtbegin.o
 *(.init)
 .init          0x08005d7c        0x4 C:/ST/STM32CubeIDE_2.1.0/STM32CubeIDE/plugins/com.st.stm32cube.ide.mcu.externaltools.gnu-tools-for-stm32.14.3.rel1.win32_1.0.100.202602081740/tools/bin/../lib/gcc/arm-none-eabi/14.3.1/thumb/v7e-m+fp/hard/crti.o
                0x08005d7c                _init
 .init          0x08005d80        0x8 C:/ST/STM32CubeIDE_2.1.0/STM32CubeIDE/plugins/com.st.stm32cube.ide.mcu.externaltools.gnu-tools-for-stm32.14.3.rel1.win32_1.0.100.202602081740/tools/bin/../lib/gcc/arm-none-eabi/14.3.1/thumb/v7e-m+fp/hard/crtn.o
 *(.fini)
 .fini          0x08005d88        0x4 C:/ST/STM32CubeIDE_2.1.0/STM32CubeIDE/plugins/com.st.stm32cube.ide.mcu.externaltools.gnu-tools-for-stm32.14.3.rel1.win32_1.0.100.202602081740/tools/bin/../lib/gcc/arm-none-eabi/14.3.1/thumb/v7e-m+fp/hard/crti.o
                0x08005d88                _fini
 .fini          0x08005d8c        0x8 C:/ST/STM32CubeIDE_2.1.0/STM32CubeIDE/plugins/com.st.stm32cube.ide.mcu.externaltools.gnu-tools-for-stm32.14.3.rel1.win32_1.0.100.202602081740/tools/bin/../lib/gcc/arm-none-eabi/14.3.1/thumb/v7e-m+fp/hard/crtn.o
                0x08005d94                        . = ALIGN (0x4)
                0x08005d94                        _etext = .

.vfp11_veneer   0x08005d94        0x0
 .vfp11_veneer  0x08005d94        0x0 linker stubs

.v4_bx          0x08005d94        0x0
 .v4_bx         0x08005d94        0x0 linker stubs

.iplt           0x08005d94        0x0
 .iplt          0x08005d94        0x0 C:/ST/STM32CubeIDE_2.1.0/STM32CubeIDE/plugins/com.st.stm32cube.ide.mcu.externaltools.gnu-tools-for-stm32.14.3.rel1.win32_1.0.100.202602081740/tools/bin/../lib/gcc/arm-none-eabi/14.3.1/thumb/v7e-m+fp/hard/crtbegin.o

.rodata         0x08005d94       0x10
                0x08005d94                        . = ALIGN (0x4)
 *(.rodata)
 *(.rodata*)
 .rodata.AHBPrescTable
                0x08005d94       0x10 ./Core/Src/system_stm32g4xx.o
                0x08005d94                AHBPrescTable
                0x08005da4                        . = ALIGN (0x4)

.ARM.extab      0x08005da4        0x0
                0x08005da4                        . = ALIGN (0x4)
 *(.ARM.extab* .gnu.linkonce.armextab.*)
                0x08005da4                        . = ALIGN (0x4)

.ARM            0x08005da4        0x0
                0x08005da4                        . = ALIGN (0x4)
                0x08005da4                        __exidx_start = .
 *(.ARM.exidx*)
                0x08005da4                        __exidx_end = .
                0x08005da4                        . = ALIGN (0x4)

.preinit_array  0x08005da4        0x0
                0x08005da4                        . = ALIGN (0x4)
                0x08005da4                        PROVIDE (__preinit_array_start = .)
 *(.preinit_array*)
                0x08005da4                        PROVIDE (__preinit_array_end = .)
                0x08005da4                        . = ALIGN (0x4)

.init_array     0x08005da4        0x4
                0x08005da4                        . = ALIGN (0x4)
                0x08005da4                        PROVIDE (__init_array_start = .)
 *(SORT_BY_NAME(.init_array.*))
 *(.init_array*)
 .init_array    0x08005da4        0x4 C:/ST/STM32CubeIDE_2.1.0/STM32CubeIDE/plugins/com.st.stm32cube.ide.mcu.externaltools.gnu-tools-for-stm32.14.3.rel1.win32_1.0.100.202602081740/tools/bin/../lib/gcc/arm-none-eabi/14.3.1/thumb/v7e-m+fp/hard/crtbegin.o
                0x08005da8                        PROVIDE (__init_array_end = .)
                0x08005da8                        . = ALIGN (0x4)

.fini_array     0x08005da8        0x4
                0x08005da8                        . = ALIGN (0x4)
                [!provide]                        PROVIDE (__fini_array_start = .)
 *(SORT_BY_NAME(.fini_array.*))
 *(.fini_array*)
 .fini_array    0x08005da8        0x4 C:/ST/STM32CubeIDE_2.1.0/STM32CubeIDE/plugins/com.st.stm32cube.ide.mcu.externaltools.gnu-tools-for-stm32.14.3.rel1.win32_1.0.100.202602081740/tools/bin/../lib/gcc/arm-none-eabi/14.3.1/thumb/v7e-m+fp/hard/crtbegin.o
                [!provide]                        PROVIDE (__fini_array_end = .)
                0x08005dac                        . = ALIGN (0x4)
                0x08005dac                        _sidata = LOADADDR (.data)

.rel.dyn        0x08005dac        0x0
 .rel.iplt      0x08005dac        0x0 C:/ST/STM32CubeIDE_2.1.0/STM32CubeIDE/plugins/com.st.stm32cube.ide.mcu.externaltools.gnu-tools-for-stm32.14.3.rel1.win32_1.0.100.202602081740/tools/bin/../lib/gcc/arm-none-eabi/14.3.1/thumb/v7e-m+fp/hard/crtbegin.o

.data           0x20000000        0xc load address 0x08005dac
                0x20000000                        . = ALIGN (0x4)
                0x20000000                        _sdata = .
 *(.data)
 *(.data*)
 .data.SystemCoreClock
                0x20000000        0x4 ./Core/Src/system_stm32g4xx.o
                0x20000000                SystemCoreClock
 .data.uwTickPrio
                0x20000004        0x4 ./Drivers/STM32G4xx_HAL_Driver/Src/stm32g4xx_hal.o
                0x20000004                uwTickPrio
 .data.uwTickFreq
                0x20000008        0x4 ./Drivers/STM32G4xx_HAL_Driver/Src/stm32g4xx_hal.o
                0x20000008                uwTickFreq
 *(.RamFunc)
 *(.RamFunc*)
                0x2000000c                        . = ALIGN (0x4)
                0x2000000c                        _edata = .

.igot.plt       0x2000000c        0x0 load address 0x08005db8
 .igot.plt      0x2000000c        0x0 C:/ST/STM32CubeIDE_2.1.0/STM32CubeIDE/plugins/com.st.stm32cube.ide.mcu.externaltools.gnu-tools-for-stm32.14.3.rel1.win32_1.0.100.202602081740/tools/bin/../lib/gcc/arm-none-eabi/14.3.1/thumb/v7e-m+fp/hard/crtbegin.o
                0x2000000c                        . = ALIGN (0x4)

.bss            0x2000000c      0x214 load address 0x08005db8
                0x2000000c                        _sbss = .
                0x2000000c                        __bss_start__ = _sbss
 *(.bss)
 .bss           0x2000000c       0x1c C:/ST/STM32CubeIDE_2.1.0/STM32CubeIDE/plugins/com.st.stm32cube.ide.mcu.externaltools.gnu-tools-for-stm32.14.3.rel1.win32_1.0.100.202602081740/tools/bin/../lib/gcc/arm-none-eabi/14.3.1/thumb/v7e-m+fp/hard/crtbegin.o
 *(.bss*)
 .bss.hadc1     0x20000028       0x6c ./Core/Src/adc.o
                0x20000028                hadc1
 .bss.hdma_adc1
                0x20000094       0x60 ./Core/Src/adc.o
                0x20000094                hdma_adc1
 .bss.adc_buffer
                0x200000f4       0x14 ./Core/Src/main.o
                0x200000f4                adc_buffer
 .bss.adc_AVG   0x20000108        0x4 ./Core/Src/main.o
                0x20000108                adc_AVG
 .bss.current_encoder
                0x2000010c        0x4 ./Core/Src/main.o
                0x2000010c                current_encoder
 .bss.previous_encoder
                0x20000110        0x4 ./Core/Src/main.o
                0x20000110                previous_encoder
 .bss.omega     0x20000114        0x4 ./Core/Src/main.o
                0x20000114                omega
 .bss.current_load
                0x20000118        0x4 ./Core/Src/main.o
                0x20000118                current_load
 .bss.myMotor1  0x2000011c       0x18 ./Core/Src/main.o
                0x2000011c                myMotor1
 .bss.speed_loop_counter.0
                0x20000134        0x1 ./Core/Src/main.o
 *fill*         0x20000135        0x3 
 .bss.htim3     0x20000138       0x4c ./Core/Src/tim.o
                0x20000138                htim3
 .bss.htim6     0x20000184       0x4c ./Core/Src/tim.o
                0x20000184                htim6
 .bss.htim8     0x200001d0       0x4c ./Core/Src/tim.o
                0x200001d0                htim8
 .bss.uwTick    0x2000021c        0x4 ./Drivers/STM32G4xx_HAL_Driver/Src/stm32g4xx_hal.o
                0x2000021c                uwTick
 *(COMMON)
                0x20000220                        . = ALIGN (0x4)
                0x20000220                        _ebss = .
                0x20000220                        __bss_end__ = _ebss

._user_heap_stack
                0x20000220      0x600 load address 0x08005db8
                0x20000220                        . = ALIGN (0x8)
                [!provide]                        PROVIDE (end = .)
                0x20000220                        PROVIDE (_end = .)
                0x20000420                        . = (. + _Min_Heap_Size)
 *fill*         0x20000220      0x200 
                0x20000820                        . = (. + _Min_Stack_Size)
 *fill*         0x20000420      0x400 
                0x20000820                        . = ALIGN (0x8)

/DISCARD/
 libc.a(*)
 libm.a(*)
 libgcc.a(*)

.ARM.attributes
                0x00000000       0x30
 *(.ARM.attributes)
 .ARM.attributes
                0x00000000       0x22 C:/ST/STM32CubeIDE_2.1.0/STM32CubeIDE/plugins/com.st.stm32cube.ide.mcu.externaltools.gnu-tools-for-stm32.14.3.rel1.win32_1.0.100.202602081740/tools/bin/../lib/gcc/arm-none-eabi/14.3.1/thumb/v7e-m+fp/hard/crti.o
 .ARM.attributes
                0x00000022       0x34 C:/ST/STM32CubeIDE_2.1.0/STM32CubeIDE/plugins/com.st.stm32cube.ide.mcu.externaltools.gnu-tools-for-stm32.14.3.rel1.win32_1.0.100.202602081740/tools/bin/../lib/gcc/arm-none-eabi/14.3.1/thumb/v7e-m+fp/hard/crtbegin.o
 .ARM.attributes
                0x00000056       0x34 ./Core/Src/adc.o
 .ARM.attributes
                0x0000008a       0x34 ./Core/Src/dma.o
 .ARM.attributes
                0x000000be       0x34 ./Core/Src/gpio.o
 .ARM.attributes
                0x000000f2       0x34 ./Core/Src/main.o
 .ARM.attributes
                0x00000126       0x34 ./Core/Src/motor.o
 .ARM.attributes
                0x0000015a       0x34 ./Core/Src/stm32g4xx_hal_msp.o
 .ARM.attributes
                0x0000018e       0x34 ./Core/Src/stm32g4xx_it.o
 .ARM.attributes
                0x000001c2       0x34 ./Core/Src/system_stm32g4xx.o
 .ARM.attributes
                0x000001f6       0x34 ./Core/Src/tim.o
 .ARM.attributes
                0x0000022a       0x21 ./Core/Startup/startup_stm32g474retx.o
 .ARM.attributes
                0x0000024b       0x34 ./Drivers/STM32G4xx_HAL_Driver/Src/stm32g4xx_hal.o
 .ARM.attributes
                0x0000027f       0x34 ./Drivers/STM32G4xx_HAL_Driver/Src/stm32g4xx_hal_adc.o
 .ARM.attributes
                0x000002b3       0x34 ./Drivers/STM32G4xx_HAL_Driver/Src/stm32g4xx_hal_adc_ex.o
 .ARM.attributes
                0x000002e7       0x34 ./Drivers/STM32G4xx_HAL_Driver/Src/stm32g4xx_hal_cortex.o
 .ARM.attributes
                0x0000031b       0x34 ./Drivers/STM32G4xx_HAL_Driver/Src/stm32g4xx_hal_dma.o
 .ARM.attributes
                0x0000034f       0x34 ./Drivers/STM32G4xx_HAL_Driver/Src/stm32g4xx_hal_gpio.o
 .ARM.attributes
                0x00000383       0x34 ./Drivers/STM32G4xx_HAL_Driver/Src/stm32g4xx_hal_pwr_ex.o
 .ARM.attributes
                0x000003b7       0x34 ./Drivers/STM32G4xx_HAL_Driver/Src/stm32g4xx_hal_rcc.o
 .ARM.attributes
                0x000003eb       0x34 ./Drivers/STM32G4xx_HAL_Driver/Src/stm32g4xx_hal_rcc_ex.o
 .ARM.attributes
                0x0000041f       0x34 ./Drivers/STM32G4xx_HAL_Driver/Src/stm32g4xx_hal_tim.o
 .ARM.attributes
                0x00000453       0x34 ./Drivers/STM32G4xx_HAL_Driver/Src/stm32g4xx_hal_tim_ex.o
 .ARM.attributes
                0x00000487       0x34 C:/ST/STM32CubeIDE_2.1.0/STM32CubeIDE/plugins/com.st.stm32cube.ide.mcu.externaltools.gnu-tools-for-stm32.14.3.rel1.win32_1.0.100.202602081740/tools/bin/../lib/gcc/arm-none-eabi/14.3.1/../../../../arm-none-eabi/lib/thumb/v7e-m+fp/hard\libc_nano.a(libc_a-memset.o)
 .ARM.attributes
                0x000004bb       0x34 C:/ST/STM32CubeIDE_2.1.0/STM32CubeIDE/plugins/com.st.stm32cube.ide.mcu.externaltools.gnu-tools-for-stm32.14.3.rel1.win32_1.0.100.202602081740/tools/bin/../lib/gcc/arm-none-eabi/14.3.1/../../../../arm-none-eabi/lib/thumb/v7e-m+fp/hard\libc_nano.a(libc_a-init.o)
 .ARM.attributes
                0x000004ef       0x22 C:/ST/STM32CubeIDE_2.1.0/STM32CubeIDE/plugins/com.st.stm32cube.ide.mcu.externaltools.gnu-tools-for-stm32.14.3.rel1.win32_1.0.100.202602081740/tools/bin/../lib/gcc/arm-none-eabi/14.3.1/thumb/v7e-m+fp/hard\libgcc.a(_arm_muldf3.o)
 .ARM.attributes
                0x00000511       0x22 C:/ST/STM32CubeIDE_2.1.0/STM32CubeIDE/plugins/com.st.stm32cube.ide.mcu.externaltools.gnu-tools-for-stm32.14.3.rel1.win32_1.0.100.202602081740/tools/bin/../lib/gcc/arm-none-eabi/14.3.1/thumb/v7e-m+fp/hard\libgcc.a(_arm_addsubdf3.o)
 .ARM.attributes
                0x00000533       0x22 C:/ST/STM32CubeIDE_2.1.0/STM32CubeIDE/plugins/com.st.stm32cube.ide.mcu.externaltools.gnu-tools-for-stm32.14.3.rel1.win32_1.0.100.202602081740/tools/bin/../lib/gcc/arm-none-eabi/14.3.1/thumb/v7e-m+fp/hard\libgcc.a(_arm_truncdfsf2.o)
 .ARM.attributes
                0x00000555       0x22 C:/ST/STM32CubeIDE_2.1.0/STM32CubeIDE/plugins/com.st.stm32cube.ide.mcu.externaltools.gnu-tools-for-stm32.14.3.rel1.win32_1.0.100.202602081740/tools/bin/../lib/gcc/arm-none-eabi/14.3.1/thumb/v7e-m+fp/hard/crtn.o
OUTPUT(Low_Level_Control.elf elf32-littlearm)
LOAD linker stubs
LOAD C:/ST/STM32CubeIDE_2.1.0/STM32CubeIDE/plugins/com.st.stm32cube.ide.mcu.externaltools.gnu-tools-for-stm32.14.3.rel1.win32_1.0.100.202602081740/tools/bin/../lib/gcc/arm-none-eabi/14.3.1/../../../../arm-none-eabi/lib/thumb/v7e-m+fp/hard\libc.a
LOAD C:/ST/STM32CubeIDE_2.1.0/STM32CubeIDE/plugins/com.st.stm32cube.ide.mcu.externaltools.gnu-tools-for-stm32.14.3.rel1.win32_1.0.100.202602081740/tools/bin/../lib/gcc/arm-none-eabi/14.3.1/../../../../arm-none-eabi/lib/thumb/v7e-m+fp/hard\libm.a
LOAD C:/ST/STM32CubeIDE_2.1.0/STM32CubeIDE/plugins/com.st.stm32cube.ide.mcu.externaltools.gnu-tools-for-stm32.14.3.rel1.win32_1.0.100.202602081740/tools/bin/../lib/gcc/arm-none-eabi/14.3.1/thumb/v7e-m+fp/hard\libgcc.a

.debug_info     0x00000000    0x12e9b
 .debug_info    0x00000000      0xf94 ./Core/Src/adc.o
 .debug_info    0x00000f94      0x5ac ./Core/Src/dma.o
 .debug_info    0x00001540      0x49c ./Core/Src/gpio.o
 .debug_info    0x000019dc     0x125e ./Core/Src/main.o
 .debug_info    0x00002c3a      0xa97 ./Core/Src/motor.o
 .debug_info    0x000036d1      0x2da ./Core/Src/stm32g4xx_hal_msp.o
 .debug_info    0x000039ab      0x8a1 ./Core/Src/stm32g4xx_it.o
 .debug_info    0x0000424c      0x58e ./Core/Src/system_stm32g4xx.o
 .debug_info    0x000047da     0x13ce ./Core/Src/tim.o
 .debug_info    0x00005ba8       0x30 ./Core/Startup/startup_stm32g474retx.o
 .debug_info    0x00005bd8      0xb95 ./Drivers/STM32G4xx_HAL_Driver/Src/stm32g4xx_hal.o
 .debug_info    0x0000676d     0x2063 ./Drivers/STM32G4xx_HAL_Driver/Src/stm32g4xx_hal_adc.o
 .debug_info    0x000087d0     0x1d80 ./Drivers/STM32G4xx_HAL_Driver/Src/stm32g4xx_hal_adc_ex.o
 .debug_info    0x0000a550      0xdf9 ./Drivers/STM32G4xx_HAL_Driver/Src/stm32g4xx_hal_cortex.o
 .debug_info    0x0000b349      0x85f ./Drivers/STM32G4xx_HAL_Driver/Src/stm32g4xx_hal_dma.o
 .debug_info    0x0000bba8      0x772 ./Drivers/STM32G4xx_HAL_Driver/Src/stm32g4xx_hal_gpio.o
 .debug_info    0x0000c31a      0x944 ./Drivers/STM32G4xx_HAL_Driver/Src/stm32g4xx_hal_pwr_ex.o
 .debug_info    0x0000cc5e      0xbf9 ./Drivers/STM32G4xx_HAL_Driver/Src/stm32g4xx_hal_rcc.o
 .debug_info    0x0000d857      0xc5d ./Drivers/STM32G4xx_HAL_Driver/Src/stm32g4xx_hal_rcc_ex.o
 .debug_info    0x0000e4b4     0x2c52 ./Drivers/STM32G4xx_HAL_Driver/Src/stm32g4xx_hal_tim.o
 .debug_info    0x00011106     0x1d95 ./Drivers/STM32G4xx_HAL_Driver/Src/stm32g4xx_hal_tim_ex.o

.debug_abbrev   0x00000000     0x2b7e
 .debug_abbrev  0x00000000      0x204 ./Core/Src/adc.o
 .debug_abbrev  0x00000204      0x109 ./Core/Src/dma.o
 .debug_abbrev  0x0000030d      0x159 ./Core/Src/gpio.o
 .debug_abbrev  0x00000466      0x2de ./Core/Src/main.o
 .debug_abbrev  0x00000744      0x1f1 ./Core/Src/motor.o
 .debug_abbrev  0x00000935       0xd9 ./Core/Src/stm32g4xx_hal_msp.o
 .debug_abbrev  0x00000a0e      0x1c5 ./Core/Src/stm32g4xx_it.o
 .debug_abbrev  0x00000bd3      0x11a ./Core/Src/system_stm32g4xx.o
 .debug_abbrev  0x00000ced      0x2a9 ./Core/Src/tim.o
 .debug_abbrev  0x00000f96       0x24 ./Core/Startup/startup_stm32g474retx.o
 .debug_abbrev  0x00000fba      0x271 ./Drivers/STM32G4xx_HAL_Driver/Src/stm32g4xx_hal.o
 .debug_abbrev  0x0000122b      0x2d3 ./Drivers/STM32G4xx_HAL_Driver/Src/stm32g4xx_hal_adc.o
 .debug_abbrev  0x000014fe      0x2ee ./Drivers/STM32G4xx_HAL_Driver/Src/stm32g4xx_hal_adc_ex.o
 .debug_abbrev  0x000017ec      0x31c ./Drivers/STM32G4xx_HAL_Driver/Src/stm32g4xx_hal_cortex.o
 .debug_abbrev  0x00001b08      0x1e2 ./Drivers/STM32G4xx_HAL_Driver/Src/stm32g4xx_hal_dma.o
 .debug_abbrev  0x00001cea      0x1d2 ./Drivers/STM32G4xx_HAL_Driver/Src/stm32g4xx_hal_gpio.o
 .debug_abbrev  0x00001ebc      0x22c ./Drivers/STM32G4xx_HAL_Driver/Src/stm32g4xx_hal_pwr_ex.o
 .debug_abbrev  0x000020e8      0x2c9 ./Drivers/STM32G4xx_HAL_Driver/Src/stm32g4xx_hal_rcc.o
 .debug_abbrev  0x000023b1      0x261 ./Drivers/STM32G4xx_HAL_Driver/Src/stm32g4xx_hal_rcc_ex.o
 .debug_abbrev  0x00002612      0x2a7 ./Drivers/STM32G4xx_HAL_Driver/Src/stm32g4xx_hal_tim.o
 .debug_abbrev  0x000028b9      0x2c5 ./Drivers/STM32G4xx_HAL_Driver/Src/stm32g4xx_hal_tim_ex.o

.debug_aranges  0x00000000     0x1240
 .debug_aranges
                0x00000000       0x30 ./Core/Src/adc.o
 .debug_aranges
                0x00000030       0x20 ./Core/Src/dma.o
 .debug_aranges
                0x00000050       0x20 ./Core/Src/gpio.o
 .debug_aranges
                0x00000070       0x48 ./Core/Src/main.o
 .debug_aranges
                0x000000b8       0x38 ./Core/Src/motor.o
 .debug_aranges
                0x000000f0       0x20 ./Core/Src/stm32g4xx_hal_msp.o
 .debug_aranges
                0x00000110       0x70 ./Core/Src/stm32g4xx_it.o
 .debug_aranges
                0x00000180       0x28 ./Core/Src/system_stm32g4xx.o
 .debug_aranges
                0x000001a8       0x68 ./Core/Src/tim.o
 .debug_aranges
                0x00000210       0x28 ./Core/Startup/startup_stm32g474retx.o
 .debug_aranges
                0x00000238      0x148 ./Drivers/STM32G4xx_HAL_Driver/Src/stm32g4xx_hal.o
 .debug_aranges
                0x00000380      0x248 ./Drivers/STM32G4xx_HAL_Driver/Src/stm32g4xx_hal_adc.o
 .debug_aranges
                0x000005c8      0x1c0 ./Drivers/STM32G4xx_HAL_Driver/Src/stm32g4xx_hal_adc_ex.o
 .debug_aranges
                0x00000788      0x128 ./Drivers/STM32G4xx_HAL_Driver/Src/stm32g4xx_hal_cortex.o
 .debug_aranges
                0x000008b0       0x90 ./Drivers/STM32G4xx_HAL_Driver/Src/stm32g4xx_hal_dma.o
 .debug_aranges
                0x00000940       0x58 ./Drivers/STM32G4xx_HAL_Driver/Src/stm32g4xx_hal_gpio.o
 .debug_aranges
                0x00000998      0x140 ./Drivers/STM32G4xx_HAL_Driver/Src/stm32g4xx_hal_pwr_ex.o
 .debug_aranges
                0x00000ad8       0x98 ./Drivers/STM32G4xx_HAL_Driver/Src/stm32g4xx_hal_rcc.o
 .debug_aranges
                0x00000b70       0xb0 ./Drivers/STM32G4xx_HAL_Driver/Src/stm32g4xx_hal_rcc_ex.o
 .debug_aranges
                0x00000c20      0x3e0 ./Drivers/STM32G4xx_HAL_Driver/Src/stm32g4xx_hal_tim.o
 .debug_aranges
                0x00001000      0x240 ./Drivers/STM32G4xx_HAL_Driver/Src/stm32g4xx_hal_tim_ex.o

.debug_rnglists
                0x00000000      0xdff
 .debug_rnglists
                0x00000000       0x21 ./Core/Src/adc.o
 .debug_rnglists
                0x00000021       0x13 ./Core/Src/dma.o
 .debug_rnglists
                0x00000034       0x14 ./Core/Src/gpio.o
 .debug_rnglists
                0x00000048       0x34 ./Core/Src/main.o
 .debug_rnglists
                0x0000007c       0x27 ./Core/Src/motor.o
 .debug_rnglists
                0x000000a3       0x13 ./Core/Src/stm32g4xx_hal_msp.o
 .debug_rnglists
                0x000000b6       0x4f ./Core/Src/stm32g4xx_it.o
 .debug_rnglists
                0x00000105       0x1a ./Core/Src/system_stm32g4xx.o
 .debug_rnglists
                0x0000011f       0x4c ./Core/Src/tim.o
 .debug_rnglists
                0x0000016b       0x19 ./Core/Startup/startup_stm32g474retx.o
 .debug_rnglists
                0x00000184       0xf1 ./Drivers/STM32G4xx_HAL_Driver/Src/stm32g4xx_hal.o
 .debug_rnglists
                0x00000275      0x1c0 ./Drivers/STM32G4xx_HAL_Driver/Src/stm32g4xx_hal_adc.o
 .debug_rnglists
                0x00000435      0x15a ./Drivers/STM32G4xx_HAL_Driver/Src/stm32g4xx_hal_adc_ex.o
 .debug_rnglists
                0x0000058f       0xda ./Drivers/STM32G4xx_HAL_Driver/Src/stm32g4xx_hal_cortex.o
 .debug_rnglists
                0x00000669       0x72 ./Drivers/STM32G4xx_HAL_Driver/Src/stm32g4xx_hal_dma.o
 .debug_rnglists
                0x000006db       0x3f ./Drivers/STM32G4xx_HAL_Driver/Src/stm32g4xx_hal_gpio.o
 .debug_rnglists
                0x0000071a       0xf1 ./Drivers/STM32G4xx_HAL_Driver/Src/stm32g4xx_hal_pwr_ex.o
 .debug_rnglists
                0x0000080b       0x74 ./Drivers/STM32G4xx_HAL_Driver/Src/stm32g4xx_hal_rcc.o
 .debug_rnglists
                0x0000087f       0x87 ./Drivers/STM32G4xx_HAL_Driver/Src/stm32g4xx_hal_rcc_ex.o
 .debug_rnglists
                0x00000906      0x32d ./Drivers/STM32G4xx_HAL_Driver/Src/stm32g4xx_hal_tim.o
 .debug_rnglists
                0x00000c33      0x1cc ./Drivers/STM32G4xx_HAL_Driver/Src/stm32g4xx_hal_tim_ex.o

.debug_macro    0x00000000    0x28e0a
 .debug_macro   0x00000000      0x22b ./Core/Src/adc.o
 .debug_macro   0x0000022b      0xade ./Core/Src/adc.o
 .debug_macro   0x00000d09      0x161 ./Core/Src/adc.o
 .debug_macro   0x00000e6a       0x2e ./Core/Src/adc.o
 .debug_macro   0x00000e98       0x28 ./Core/Src/adc.o
 .debug_macro   0x00000ec0       0x22 ./Core/Src/adc.o
 .debug_macro   0x00000ee2       0x8e ./Core/Src/adc.o
 .debug_macro   0x00000f70       0x51 ./Core/Src/adc.o
 .debug_macro   0x00000fc1      0x103 ./Core/Src/adc.o
 .debug_macro   0x000010c4       0x6a ./Core/Src/adc.o
 .debug_macro   0x0000112e      0x1df ./Core/Src/adc.o
 .debug_macro   0x0000130d       0x1c ./Core/Src/adc.o
 .debug_macro   0x00001329       0x22 ./Core/Src/adc.o
 .debug_macro   0x0000134b       0xfb ./Core/Src/adc.o
 .debug_macro   0x00001446     0x1011 ./Core/Src/adc.o
 .debug_macro   0x00002457      0x11f ./Core/Src/adc.o
 .debug_macro   0x00002576    0x18b8c ./Core/Src/adc.o
 .debug_macro   0x0001b102       0x6d ./Core/Src/adc.o
 .debug_macro   0x0001b16f     0x3558 ./Core/Src/adc.o
 .debug_macro   0x0001e6c7      0x190 ./Core/Src/adc.o
 .debug_macro   0x0001e857       0x5c ./Core/Src/adc.o
 .debug_macro   0x0001e8b3     0x171f ./Core/Src/adc.o
 .debug_macro   0x0001ffd2      0x600 ./Core/Src/adc.o
 .debug_macro   0x000205d2      0x1b6 ./Core/Src/adc.o
 .debug_macro   0x00020788      0x34a ./Core/Src/adc.o
 .debug_macro   0x00020ad2      0x53c ./Core/Src/adc.o
 .debug_macro   0x0002100e      0x18b ./Core/Src/adc.o
 .debug_macro   0x00021199       0x43 ./Core/Src/adc.o
 .debug_macro   0x000211dc      0x23d ./Core/Src/adc.o
 .debug_macro   0x00021419     0x1111 ./Core/Src/adc.o
 .debug_macro   0x0002252a      0x72e ./Core/Src/adc.o
 .debug_macro   0x00022c58      0x391 ./Core/Src/adc.o
 .debug_macro   0x00022fe9      0x211 ./Core/Src/adc.o
 .debug_macro   0x000231fa      0x45c ./Core/Src/adc.o
 .debug_macro   0x00023656      0x11c ./Core/Src/adc.o
 .debug_macro   0x00023772      0x122 ./Core/Src/adc.o
 .debug_macro   0x00023894      0x3d1 ./Core/Src/adc.o
 .debug_macro   0x00023c65      0xc0b ./Core/Src/adc.o
 .debug_macro   0x00024870      0x718 ./Core/Src/adc.o
 .debug_macro   0x00024f88      0x693 ./Core/Src/adc.o
 .debug_macro   0x0002561b       0xa6 ./Core/Src/adc.o
 .debug_macro   0x000256c1      0x358 ./Core/Src/adc.o
 .debug_macro   0x00025a19       0x52 ./Core/Src/adc.o
 .debug_macro   0x00025a6b       0x22 ./Core/Src/adc.o
 .debug_macro   0x00025a8d       0x97 ./Core/Src/adc.o
 .debug_macro   0x00025b24       0x70 ./Core/Src/adc.o
 .debug_macro   0x00025b94      0x22b ./Core/Src/dma.o
 .debug_macro   0x00025dbf      0x22b ./Core/Src/gpio.o
 .debug_macro   0x00025fea      0x336 ./Core/Src/main.o
 .debug_macro   0x00026320       0x61 ./Core/Src/main.o
 .debug_macro   0x00026381       0x2a ./Core/Src/main.o
 .debug_macro   0x000263ab       0x43 ./Core/Src/main.o
 .debug_macro   0x000263ee       0x34 ./Core/Src/main.o
 .debug_macro   0x00026422      0x364 ./Core/Src/main.o
 .debug_macro   0x00026786       0x16 ./Core/Src/main.o
 .debug_macro   0x0002679c       0x4a ./Core/Src/main.o
 .debug_macro   0x000267e6       0x34 ./Core/Src/main.o
 .debug_macro   0x0002681a       0x10 ./Core/Src/main.o
 .debug_macro   0x0002682a       0x58 ./Core/Src/main.o
 .debug_macro   0x00026882       0x8e ./Core/Src/main.o
 .debug_macro   0x00026910       0x1c ./Core/Src/main.o
 .debug_macro   0x0002692c      0x17e ./Core/Src/main.o
 .debug_macro   0x00026aaa      0x19b ./Core/Src/main.o
 .debug_macro   0x00026c45      0x2e0 ./Core/Src/motor.o
 .debug_macro   0x00026f25      0x221 ./Core/Src/stm32g4xx_hal_msp.o
 .debug_macro   0x00027146      0x22b ./Core/Src/stm32g4xx_it.o
 .debug_macro   0x00027371      0x1f1 ./Core/Src/system_stm32g4xx.o
 .debug_macro   0x00027562      0x22b ./Core/Src/tim.o
 .debug_macro   0x0002778d      0x23f ./Drivers/STM32G4xx_HAL_Driver/Src/stm32g4xx_hal.o
 .debug_macro   0x000279cc      0x20e ./Drivers/STM32G4xx_HAL_Driver/Src/stm32g4xx_hal_adc.o
 .debug_macro   0x00027bda      0x1fd ./Drivers/STM32G4xx_HAL_Driver/Src/stm32g4xx_hal_adc_ex.o
 .debug_macro   0x00027dd7      0x1f1 ./Drivers/STM32G4xx_HAL_Driver/Src/stm32g4xx_hal_cortex.o
 .debug_macro   0x00027fc8      0x1f1 ./Drivers/STM32G4xx_HAL_Driver/Src/stm32g4xx_hal_dma.o
 .debug_macro   0x000281b9      0x1f8 ./Drivers/STM32G4xx_HAL_Driver/Src/stm32g4xx_hal_gpio.o
 .debug_macro   0x000283b1      0x21b ./Drivers/STM32G4xx_HAL_Driver/Src/stm32g4xx_hal_pwr_ex.o
 .debug_macro   0x000285cc      0x233 ./Drivers/STM32G4xx_HAL_Driver/Src/stm32g4xx_hal_rcc.o
 .debug_macro   0x000287ff      0x21b ./Drivers/STM32G4xx_HAL_Driver/Src/stm32g4xx_hal_rcc_ex.o
 .debug_macro   0x00028a1a      0x1f9 ./Drivers/STM32G4xx_HAL_Driver/Src/stm32g4xx_hal_tim.o
 .debug_macro   0x00028c13      0x1f7 ./Drivers/STM32G4xx_HAL_Driver/Src/stm32g4xx_hal_tim_ex.o

.debug_line     0x00000000    0x15823
 .debug_line    0x00000000      0x909 ./Core/Src/adc.o
 .debug_line    0x00000909      0x816 ./Core/Src/dma.o
 .debug_line    0x0000111f      0x847 ./Core/Src/gpio.o
 .debug_line    0x00001966      0xab6 ./Core/Src/main.o
 .debug_line    0x0000241c      0xa8e ./Core/Src/motor.o
 .debug_line    0x00002eaa      0x81a ./Core/Src/stm32g4xx_hal_msp.o
 .debug_line    0x000036c4      0x8f8 ./Core/Src/stm32g4xx_it.o
 .debug_line    0x00003fbc      0x819 ./Core/Src/system_stm32g4xx.o
 .debug_line    0x000047d5      0xa38 ./Core/Src/tim.o
 .debug_line    0x0000520d       0x7b ./Core/Startup/startup_stm32g474retx.o
 .debug_line    0x00005288      0xbe8 ./Drivers/STM32G4xx_HAL_Driver/Src/stm32g4xx_hal.o
 .debug_line    0x00005e70     0x22be ./Drivers/STM32G4xx_HAL_Driver/Src/stm32g4xx_hal_adc.o
 .debug_line    0x0000812e     0x1c32 ./Drivers/STM32G4xx_HAL_Driver/Src/stm32g4xx_hal_adc_ex.o
 .debug_line    0x00009d60      0xd4a ./Drivers/STM32G4xx_HAL_Driver/Src/stm32g4xx_hal_cortex.o
 .debug_line    0x0000aaaa      0xefa ./Drivers/STM32G4xx_HAL_Driver/Src/stm32g4xx_hal_dma.o
 .debug_line    0x0000b9a4      0xbd1 ./Drivers/STM32G4xx_HAL_Driver/Src/stm32g4xx_hal_gpio.o
 .debug_line    0x0000c575      0xd44 ./Drivers/STM32G4xx_HAL_Driver/Src/stm32g4xx_hal_pwr_ex.o
 .debug_line    0x0000d2b9     0x1068 ./Drivers/STM32G4xx_HAL_Driver/Src/stm32g4xx_hal_rcc.o
 .debug_line    0x0000e321     0x12de ./Drivers/STM32G4xx_HAL_Driver/Src/stm32g4xx_hal_rcc_ex.o
 .debug_line    0x0000f5ff     0x4138 ./Drivers/STM32G4xx_HAL_Driver/Src/stm32g4xx_hal_tim.o
 .debug_line    0x00013737     0x20ec ./Drivers/STM32G4xx_HAL_Driver/Src/stm32g4xx_hal_tim_ex.o

.debug_str      0x00000000   0x1120b6
 .debug_str     0x00000000   0x1120b6 ./Core/Src/adc.o
                             0x109797 (size before relaxing)
 .debug_str     0x001120b6   0x10947f ./Core/Src/dma.o
 .debug_str     0x001120b6   0x108f05 ./Core/Src/gpio.o
 .debug_str     0x001120b6   0x10d467 ./Core/Src/main.o
 .debug_str     0x001120b6   0x10cd60 ./Core/Src/motor.o
 .debug_str     0x001120b6   0x108e49 ./Core/Src/stm32g4xx_hal_msp.o
 .debug_str     0x001120b6   0x1093dd ./Core/Src/stm32g4xx_it.o
 .debug_str     0x001120b6   0x10876e ./Core/Src/system_stm32g4xx.o
 .debug_str     0x001120b6   0x109f4f ./Core/Src/tim.o
 .debug_str     0x001120b6       0x8a ./Core/Startup/startup_stm32g474retx.o
 .debug_str     0x001120b6   0x109480 ./Drivers/STM32G4xx_HAL_Driver/Src/stm32g4xx_hal.o
 .debug_str     0x001120b6   0x10979b ./Drivers/STM32G4xx_HAL_Driver/Src/stm32g4xx_hal_adc.o
 .debug_str     0x001120b6   0x109741 ./Drivers/STM32G4xx_HAL_Driver/Src/stm32g4xx_hal_adc_ex.o
 .debug_str     0x001120b6   0x10913c ./Drivers/STM32G4xx_HAL_Driver/Src/stm32g4xx_hal_cortex.o
 .debug_str     0x001120b6   0x108b48 ./Drivers/STM32G4xx_HAL_Driver/Src/stm32g4xx_hal_dma.o
 .debug_str     0x001120b6   0x1088f9 ./Drivers/STM32G4xx_HAL_Driver/Src/stm32g4xx_hal_gpio.o
 .debug_str     0x001120b6   0x108c5c ./Drivers/STM32G4xx_HAL_Driver/Src/stm32g4xx_hal_pwr_ex.o
 .debug_str     0x001120b6   0x108e8d ./Drivers/STM32G4xx_HAL_Driver/Src/stm32g4xx_hal_rcc.o
 .debug_str     0x001120b6   0x108eb7 ./Drivers/STM32G4xx_HAL_Driver/Src/stm32g4xx_hal_rcc_ex.o
 .debug_str     0x001120b6   0x109c6c ./Drivers/STM32G4xx_HAL_Driver/Src/stm32g4xx_hal_tim.o
 .debug_str     0x001120b6   0x1098e0 ./Drivers/STM32G4xx_HAL_Driver/Src/stm32g4xx_hal_tim_ex.o

.comment        0x00000000       0x43
 .comment       0x00000000       0x43 ./Core/Src/adc.o
                                 0x44 (size before relaxing)
 .comment       0x00000043       0x44 ./Core/Src/dma.o
 .comment       0x00000043       0x44 ./Core/Src/gpio.o
 .comment       0x00000043       0x44 ./Core/Src/main.o
 .comment       0x00000043       0x44 ./Core/Src/motor.o
 .comment       0x00000043       0x44 ./Core/Src/stm32g4xx_hal_msp.o
 .comment       0x00000043       0x44 ./Core/Src/stm32g4xx_it.o
 .comment       0x00000043       0x44 ./Core/Src/system_stm32g4xx.o
 .comment       0x00000043       0x44 ./Core/Src/tim.o
 .comment       0x00000043       0x44 ./Drivers/STM32G4xx_HAL_Driver/Src/stm32g4xx_hal.o
 .comment       0x00000043       0x44 ./Drivers/STM32G4xx_HAL_Driver/Src/stm32g4xx_hal_adc.o
 .comment       0x00000043       0x44 ./Drivers/STM32G4xx_HAL_Driver/Src/stm32g4xx_hal_adc_ex.o
 .comment       0x00000043       0x44 ./Drivers/STM32G4xx_HAL_Driver/Src/stm32g4xx_hal_cortex.o
 .comment       0x00000043       0x44 ./Drivers/STM32G4xx_HAL_Driver/Src/stm32g4xx_hal_dma.o
 .comment       0x00000043       0x44 ./Drivers/STM32G4xx_HAL_Driver/Src/stm32g4xx_hal_gpio.o
 .comment       0x00000043       0x44 ./Drivers/STM32G4xx_HAL_Driver/Src/stm32g4xx_hal_pwr_ex.o
 .comment       0x00000043       0x44 ./Drivers/STM32G4xx_HAL_Driver/Src/stm32g4xx_hal_rcc.o
 .comment       0x00000043       0x44 ./Drivers/STM32G4xx_HAL_Driver/Src/stm32g4xx_hal_rcc_ex.o
 .comment       0x00000043       0x44 ./Drivers/STM32G4xx_HAL_Driver/Src/stm32g4xx_hal_tim.o
 .comment       0x00000043       0x44 ./Drivers/STM32G4xx_HAL_Driver/Src/stm32g4xx_hal_tim_ex.o

.debug_frame    0x00000000     0x4904
 .debug_frame   0x00000000       0x80 ./Core/Src/adc.o
 .debug_frame   0x00000080       0x34 ./Core/Src/dma.o
 .debug_frame   0x000000b4       0x34 ./Core/Src/gpio.o
 .debug_frame   0x000000e8       0xd8 ./Core/Src/main.o
 .debug_frame   0x000001c0       0xa0 ./Core/Src/motor.o
 .debug_frame   0x00000260       0x34 ./Core/Src/stm32g4xx_hal_msp.o
 .debug_frame   0x00000294      0x130 ./Core/Src/stm32g4xx_it.o
 .debug_frame   0x000003c4       0x50 ./Core/Src/system_stm32g4xx.o
 .debug_frame   0x00000414      0x178 ./Core/Src/tim.o
 .debug_frame   0x0000058c      0x480 ./Drivers/STM32G4xx_HAL_Driver/Src/stm32g4xx_hal.o
 .debug_frame   0x00000a0c      0xa00 ./Drivers/STM32G4xx_HAL_Driver/Src/stm32g4xx_hal_adc.o
 .debug_frame   0x0000140c      0x798 ./Drivers/STM32G4xx_HAL_Driver/Src/stm32g4xx_hal_adc_ex.o
 .debug_frame   0x00001ba4      0x49c ./Drivers/STM32G4xx_HAL_Driver/Src/stm32g4xx_hal_cortex.o
 .debug_frame   0x00002040      0x22c ./Drivers/STM32G4xx_HAL_Driver/Src/stm32g4xx_hal_dma.o
 .debug_frame   0x0000226c      0x130 ./Drivers/STM32G4xx_HAL_Driver/Src/stm32g4xx_hal_gpio.o
 .debug_frame   0x0000239c      0x46c ./Drivers/STM32G4xx_HAL_Driver/Src/stm32g4xx_hal_pwr_ex.o
 .debug_frame   0x00002808      0x218 ./Drivers/STM32G4xx_HAL_Driver/Src/stm32g4xx_hal_rcc.o
 .debug_frame   0x00002a20      0x27c ./Drivers/STM32G4xx_HAL_Driver/Src/stm32g4xx_hal_rcc_ex.o
 .debug_frame   0x00002c9c     0x1148 ./Drivers/STM32G4xx_HAL_Driver/Src/stm32g4xx_hal_tim.o
 .debug_frame   0x00003de4      0x9d4 ./Drivers/STM32G4xx_HAL_Driver/Src/stm32g4xx_hal_tim_ex.o
 .debug_frame   0x000047b8       0x20 C:/ST/STM32CubeIDE_2.1.0/STM32CubeIDE/plugins/com.st.stm32cube.ide.mcu.externaltools.gnu-tools-for-stm32.14.3.rel1.win32_1.0.100.202602081740/tools/bin/../lib/gcc/arm-none-eabi/14.3.1/../../../../arm-none-eabi/lib/thumb/v7e-m+fp/hard\libc_nano.a(libc_a-memset.o)
 .debug_frame   0x000047d8       0x2c C:/ST/STM32CubeIDE_2.1.0/STM32CubeIDE/plugins/com.st.stm32cube.ide.mcu.externaltools.gnu-tools-for-stm32.14.3.rel1.win32_1.0.100.202602081740/tools/bin/../lib/gcc/arm-none-eabi/14.3.1/../../../../arm-none-eabi/lib/thumb/v7e-m+fp/hard\libc_nano.a(libc_a-init.o)
 .debug_frame   0x00004804       0x30 C:/ST/STM32CubeIDE_2.1.0/STM32CubeIDE/plugins/com.st.stm32cube.ide.mcu.externaltools.gnu-tools-for-stm32.14.3.rel1.win32_1.0.100.202602081740/tools/bin/../lib/gcc/arm-none-eabi/14.3.1/thumb/v7e-m+fp/hard\libgcc.a(_arm_muldf3.o)
 .debug_frame   0x00004834       0xac C:/ST/STM32CubeIDE_2.1.0/STM32CubeIDE/plugins/com.st.stm32cube.ide.mcu.externaltools.gnu-tools-for-stm32.14.3.rel1.win32_1.0.100.202602081740/tools/bin/../lib/gcc/arm-none-eabi/14.3.1/thumb/v7e-m+fp/hard\libgcc.a(_arm_addsubdf3.o)
 .debug_frame   0x000048e0       0x24 C:/ST/STM32CubeIDE_2.1.0/STM32CubeIDE/plugins/com.st.stm32cube.ide.mcu.externaltools.gnu-tools-for-stm32.14.3.rel1.win32_1.0.100.202602081740/tools/bin/../lib/gcc/arm-none-eabi/14.3.1/thumb/v7e-m+fp/hard\libgcc.a(_arm_truncdfsf2.o)

.debug_line_str
                0x00000000       0x6e
 .debug_line_str
                0x00000000       0x6e ./Core/Startup/startup_stm32g474retx.o
